// Vitest Snapshot v1, https://vitest.dev/guide/snapshot.html

exports[`OrderBundleEditPanel body part search > 放射線の部位検索はキーワード入力で自動検索され、スナップショットに反映される 1`] = `
<div>
  <section
    class="charts-side-panel__section"
    data-order-entity="radiologyOrder"
    data-rp-required="false"
    data-rp-required-missing=""
    data-test-id="radiologyOrder-edit-panel"
  >
    <header
      class="charts-side-panel__section-header"
    >
      <div
        class="charts-side-panel__section-header-main"
      >
        <strong>
          放射線
        </strong>
      </div>
      <button
        class="charts-side-panel__ghost charts-side-panel__ghost--reset"
        type="button"
      >
        新規入力
      </button>
    </header>
    <div
      class="charts-side-panel__dock-body"
    >
      <div
        class="charts-side-panel__workspace"
        data-variant="utility"
      >
        <aside
          aria-label="頻用オーダー"
          class="charts-side-panel__workspace-left"
        >
          <div
            class="charts-side-panel__subsection"
          >
            <div
              class="charts-side-panel__subheader"
            >
              <strong>
                頻用オーダー（患者優先）
              </strong>
              <span
                class="charts-side-panel__search-count"
              >
                0
                件
              </span>
            </div>
            <p
              class="charts-side-panel__empty"
            >
              まだ学習データがありません。保存済みオーダーから候補ボタンを自動生成します。
            </p>
            <p
              class="charts-side-panel__help"
            >
              患者個別候補を優先し、不足分のみ施設候補で補完します。
            </p>
          </div>
        </aside>
        <div
          class="charts-side-panel__workspace-right"
        >
          <form
            class="charts-side-panel__form"
          >
            <div
              class="charts-side-panel__field charts-side-panel__meta-section charts-side-panel__meta-section--bundle"
            >
              <label
                for="radiologyOrder-bundle-name"
              >
                放射線オーダー名
              </label>
              <input
                id="radiologyOrder-bundle-name"
                placeholder="例: 胸部CT（造影）"
                value=""
              />
            </div>
            <div
              class="charts-side-panel__subsection charts-side-panel__meta-section"
            >
              <div
                class="charts-side-panel__subheader"
              >
                <strong>
                  点数検索（詳細）
                </strong>
                <button
                  class="charts-side-panel__ghost"
                  type="button"
                >
                  開く
                </button>
              </div>
            </div>
            <div
              class="charts-side-panel__subsection charts-side-panel__meta-section"
            >
              <div
                class="charts-side-panel__subheader"
              >
                <strong>
                  ORCA診療セット
                </strong>
                <span
                  class="charts-side-panel__search-count"
                >
                  0
                  件
                </span>
              </div>
              <div
                class="charts-side-panel__field"
              >
                <label
                  for="radiologyOrder-orca-set-keyword"
                >
                  keyword
                </label>
                <input
                  id="radiologyOrder-orca-set-keyword"
                  placeholder="診療セット名またはコード"
                  value=""
                />
              </div>
              <button
                class="charts-side-panel__action charts-side-panel__action--search"
                disabled=""
                type="button"
              >
                セット検索
              </button>
            </div>
            <div
              class="charts-side-panel__field-row charts-side-panel__meta-section charts-side-panel__meta-section--usage"
            >
              <div
                class="charts-side-panel__field"
              >
                <label
                  for="radiologyOrder-admin"
                >
                  検査指示
                </label>
                <input
                  id="radiologyOrder-admin"
                  placeholder="例: 造影あり / 単純"
                  value=""
                />
              </div>
              <div
                class="charts-side-panel__field"
              >
                <label
                  for="radiologyOrder-bundle-number"
                >
                  回数
                </label>
                <input
                  id="radiologyOrder-bundle-number"
                  placeholder="1"
                  value="1"
                />
              </div>
            </div>
            <div
              class="charts-side-panel__field charts-side-panel__meta-section charts-side-panel__meta-section--start"
            >
              <label
                for="radiologyOrder-start"
              >
                開始日
              </label>
              <input
                id="radiologyOrder-start"
                type="date"
                value="2026-01-21"
              />
            </div>
            <div
              class="charts-side-panel__field charts-side-panel__meta-section charts-side-panel__meta-section--memo"
            >
              <label
                for="radiologyOrder-memo"
              >
                画像検査メモ
              </label>
              <textarea
                id="radiologyOrder-memo"
                placeholder="撮影条件・依頼目的を入力"
              />
            </div>
            <div
              class="charts-side-panel__subsection charts-side-panel__subsection--search charts-side-panel__meta-section charts-side-panel__meta-section--bodypart"
            >
              <div
                class="charts-side-panel__subheader"
              >
                <strong>
                  部位
                </strong>
                <span
                  class="charts-side-panel__status charts-side-panel__status--warn"
                >
                  未入力
                </span>
              </div>
              <div
                class="charts-side-panel__field-row"
              >
                <div
                  class="charts-side-panel__field"
                >
                  <label
                    for="radiologyOrder-bodypart"
                  >
                    部位
                  </label>
                  <input
                    id="radiologyOrder-bodypart"
                    placeholder="例: 胸部"
                    value=""
                  />
                </div>
                <div
                  class="charts-side-panel__field"
                >
                  <label
                    for="radiologyOrder-bodypart-keyword"
                  >
                    部位検索
                  </label>
                  <input
                    id="radiologyOrder-bodypart-keyword"
                    placeholder="例: 胸"
                    value="胸"
                  />
                </div>
              </div>
              <div
                class="charts-side-panel__actions"
              >
                <button
                  class="charts-side-panel__action charts-side-panel__action--search"
                  type="button"
                >
                  部位検索
                </button>
                <button
                  class="charts-side-panel__action charts-side-panel__action--clear"
                  disabled=""
                  type="button"
                >
                  部位クリア
                </button>
              </div>
              <div
                class="charts-side-panel__search-count"
              >
                1件
              </div>
              <div
                class="charts-side-panel__search-table"
              >
                <div
                  class="charts-side-panel__search-header"
                >
                  <span>
                    コード
                  </span>
                  <span>
                    名称
                  </span>
                  <span>
                    単位
                  </span>
                  <span>
                    分類
                  </span>
                  <span>
                    備考
                  </span>
                </div>
                <button
                  class="charts-side-panel__search-row"
                  type="button"
                >
                  <span>
                    002001
                  </span>
                  <span>
                    胸部
                  </span>
                  <span>
                    部位
                  </span>
                  <span>
                    2
                  </span>
                  <span>
                    -
                  </span>
                </button>
              </div>
            </div>
            <div
              class="charts-side-panel__subsection charts-side-panel__meta-section charts-side-panel__meta-section--items"
            >
              <div
                class="charts-side-panel__two-table-layout"
              >
                <div
                  class="charts-side-panel__two-table-fixed"
                  data-testid="order-bundle-confirmed-table"
                >
                  <div
                    class="charts-side-panel__subheader"
                  >
                    <strong>
                      画像検査項目
                    </strong>
                    <div
                      class="charts-side-panel__subheader-actions"
                    >
                      <button
                        class="charts-side-panel__ghost charts-side-panel__ghost--add"
                        type="button"
                      >
                        追加
                      </button>
                      <button
                        class="charts-side-panel__row-delete"
                        type="button"
                      >
                        選択行削除
                      </button>
                      <button
                        class="charts-side-panel__ghost charts-side-panel__ghost--danger"
                        type="button"
                      >
                        全クリア
                      </button>
                    </div>
                  </div>
                  <p
                    class="charts-side-panel__help"
                  >
                    候補対象: 
                    画像検査 / 画像器材 / 造影薬剤
                  </p>
                  <p
                    class="charts-side-panel__help"
                  >
                    項目名の入力確定ごとに、画像検査 / 画像器材 / 造影薬剤を自動検索します。
                  </p>
                  <div>
                    <div
                      class="charts-side-panel__item-row charts-side-panel__item-row--inactive charts-side-panel__item-row--selected"
                      data-testid="order-bundle-item-row"
                    >
                      <button
                        aria-label="行 1 をドラッグして並べ替え"
                        class="charts-side-panel__drag-handle"
                        draggable="true"
                        type="button"
                      >
                        ≡
                      </button>
                      <input
                        id="radiologyOrder-item-name-0"
                        name="radiologyOrder-item-name-0"
                        placeholder="画像検査名"
                        value=""
                      />
                      <input
                        id="radiologyOrder-item-quantity-0"
                        name="radiologyOrder-item-quantity-0"
                        placeholder="数量"
                        value=""
                      />
                      <input
                        id="radiologyOrder-item-unit-0"
                        name="radiologyOrder-item-unit-0"
                        placeholder="単位"
                        value=""
                      />
                    </div>
                  </div>
                </div>
              </div>
            </div>
            <details
              class="charts-side-panel__fold charts-side-panel__meta-section charts-side-panel__meta-section--comments"
            >
              <summary
                class="charts-side-panel__fold-summary"
              >
                <span>
                  コメントコード
                </span>
                <span
                  class="charts-side-panel__fold-meta"
                >
                  <span
                    class="charts-side-panel__fold-count"
                  >
                    0
                    件
                  </span>
                </span>
              </summary>
              <div
                class="charts-side-panel__fold-content"
              >
                <div
                  class="charts-side-panel__subsection"
                >
                  <div
                    class="charts-side-panel__subheader"
                  >
                    <strong>
                      コメントコード
                    </strong>
                    <span
                      class="charts-side-panel__search-count"
                    />
                  </div>
                  <p
                    class="charts-side-panel__message"
                  >
                    コメント内容欄に入力した文字列で部分一致候補を表示します。候補選択でコードと名称を自動入力します。
                  </p>
                  <div
                    class="charts-side-panel__item-row charts-side-panel__item-row--comment"
                  >
                    <input
                      id="radiologyOrder-comment-draft-code"
                      name="radiologyOrder-comment-draft-code"
                      placeholder="コード"
                      readonly=""
                      value=""
                    />
                    <input
                      id="radiologyOrder-comment-draft-name"
                      name="radiologyOrder-comment-draft-name"
                      placeholder="コメント内容"
                      value=""
                    />
                    <input
                      id="radiologyOrder-comment-draft-quantity"
                      name="radiologyOrder-comment-draft-quantity"
                      placeholder="数量"
                      value=""
                    />
                    <input
                      id="radiologyOrder-comment-draft-unit"
                      name="radiologyOrder-comment-draft-unit"
                      placeholder="単位"
                      value=""
                    />
                    <button
                      class="charts-side-panel__ghost charts-side-panel__ghost--add"
                      disabled=""
                      type="button"
                    >
                      コメント追加
                    </button>
                  </div>
                </div>
              </div>
            </details>
          </form>
          <div
            aria-live="polite"
            class="charts-side-panel__list"
          >
            <div
              class="charts-side-panel__list-header"
            >
              <span>
                登録済み
                放射線
              </span>
              <span>
                0件
              </span>
            </div>
            <p
              class="charts-side-panel__empty"
            >
              登録はまだありません。
            </p>
          </div>
        </div>
      </div>
    </div>
    <footer
      aria-label="保存操作"
      class="charts-side-panel__dock-footer"
    >
      <p
        class="charts-side-panel__message"
      >
        Ctrl+Enter: 保存 / 保存して閉じる: 保存後に一覧へ戻る / 保存して続ける: 入力を保持 / 保存して追加: 新規入力へ
      </p>
      <div
        aria-label="保存操作"
        class="charts-side-panel__actions charts-side-panel__actions--footer"
        role="group"
      >
        <button
          class="charts-side-panel__action charts-side-panel__action--expand"
          type="button"
        >
          保存して閉じる
        </button>
        <button
          class="charts-side-panel__action charts-side-panel__action--expand-continue"
          type="button"
        >
          保存して続ける
        </button>
        <button
          aria-keyshortcuts="Control+Enter"
          aria-label="保存して追加する"
          class="charts-side-panel__action charts-side-panel__action--save"
          type="button"
        >
          保存して追加
        </button>
      </div>
    </footer>
  </section>
</div>
`;
