runId: 20260421T224445Z
cwd: /Users/Hayato/Documents/GitHub/OpenDolphin_WebClient-wo4-clinical-wave1-batch2-main
command: mvn -f pom.server-modernized.xml -pl server-modernized -am -Dsurefire.failIfNoSpecifiedTests=false -Dtest=LocalOrderBundleResourceTest,LocalOrderBundleResource600Test test
start_utc: 2026-04-21T23:17:36Z

WARNING: A terminally deprecated method in sun.misc.Unsafe has been called
WARNING: sun.misc.Unsafe::staticFieldBase has been called by com.google.inject.internal.aop.HiddenClassDefiner (file:/opt/homebrew/Cellar/maven/3.9.11/libexec/lib/guice-5.1.0-classes.jar)
WARNING: Please consider reporting this to the maintainers of class com.google.inject.internal.aop.HiddenClassDefiner
WARNING: sun.misc.Unsafe::staticFieldBase will be removed in a future release
[INFO] Scanning for projects...
[INFO] ------------------------------------------------------------------------
[INFO] Reactor Build Order:
[INFO] 
[INFO] opendolphin                                                        [pom]
[INFO] opendolphin-api-contract                                           [jar]
[INFO] opendolphin-persistence                                            [jar]
[INFO] opendolphin-reporting                                              [jar]
[INFO] opendolphin-server-modernized                                      [war]
[INFO] 
[INFO] ----------------------< opendolphin:opendolphin >-----------------------
[INFO] Building opendolphin 2.7.1                                         [1/5]
[INFO]   from pom.server-modernized.xml
[INFO] --------------------------------[ pom ]---------------------------------
[INFO] 
[INFO] ----------------< opendolphin:opendolphin-api-contract >----------------
[INFO] Building opendolphin-api-contract 2.7.1                            [2/5]
[INFO]   from api-contract/pom.xml
[INFO] --------------------------------[ jar ]---------------------------------
[INFO] 
[INFO] --- resources:3.3.1:resources (default-resources) @ opendolphin-api-contract ---
[INFO] skip non existing resourceDirectory /Users/Hayato/Documents/GitHub/OpenDolphin_WebClient-wo4-clinical-wave1-batch2-main/api-contract/src/main/resources
[INFO] 
[INFO] --- compiler:3.11.0:compile (default-compile) @ opendolphin-api-contract ---
[INFO] Changes detected - recompiling the module! :source
[INFO] Compiling 125 source files with javac [debug release 17] to target/classes
[INFO] 
[INFO] --- resources:3.3.1:testResources (default-testResources) @ opendolphin-api-contract ---
[INFO] skip non existing resourceDirectory /Users/Hayato/Documents/GitHub/OpenDolphin_WebClient-wo4-clinical-wave1-batch2-main/api-contract/src/test/resources
[INFO] 
[INFO] --- compiler:3.11.0:testCompile (default-testCompile) @ opendolphin-api-contract ---
[INFO] No sources to compile
[INFO] 
[INFO] --- surefire:3.2.5:test (default-test) @ opendolphin-api-contract ---
[INFO] No tests to run.
[INFO] 
[INFO] ----------------< opendolphin:opendolphin-persistence >-----------------
[INFO] Building opendolphin-persistence 2.7.1                             [3/5]
[INFO]   from persistence/pom.xml
[INFO] --------------------------------[ jar ]---------------------------------
[INFO] 
[INFO] --- resources:3.3.1:resources (default-resources) @ opendolphin-persistence ---
[INFO] skip non existing resourceDirectory /Users/Hayato/Documents/GitHub/OpenDolphin_WebClient-wo4-clinical-wave1-batch2-main/persistence/src/main/resources
[INFO] 
[INFO] --- compiler:3.11.0:compile (default-compile) @ opendolphin-persistence ---
[INFO] Changes detected - recompiling the module! :source
[INFO] Compiling 151 source files with javac [debug deprecation release 17] to target/classes
[WARNING] /Users/Hayato/Documents/GitHub/OpenDolphin_WebClient-wo4-clinical-wave1-batch2-main/persistence/src/main/java/open/dolphin/infomodel/PatientVisitModel.java:[234,16] java.lang.IntegerのInteger(int)は推奨されておらず、削除用にマークされています
[WARNING] /Users/Hayato/Documents/GitHub/OpenDolphin_WebClient-wo4-clinical-wave1-batch2-main/persistence/src/main/java/open/dolphin/infomodel/PhysicalModel.java:[117,28] java.lang.FloatのFloat(java.lang.String)は推奨されておらず、削除用にマークされています
[WARNING] /Users/Hayato/Documents/GitHub/OpenDolphin_WebClient-wo4-clinical-wave1-batch2-main/persistence/src/main/java/open/dolphin/infomodel/PhysicalModel.java:[118,28] java.lang.FloatのFloat(java.lang.String)は推奨されておらず、削除用にマークされています
[INFO] /Users/Hayato/Documents/GitHub/OpenDolphin_WebClient-wo4-clinical-wave1-batch2-main/persistence/src/main/java/open/dolphin/infomodel/CarePlanModel.java: 入力ファイルの操作のうち、未チェックまたは安全ではないものがあります。
[INFO] /Users/Hayato/Documents/GitHub/OpenDolphin_WebClient-wo4-clinical-wave1-batch2-main/persistence/src/main/java/open/dolphin/infomodel/CarePlanModel.java: 詳細は、-Xlint:uncheckedオプションを指定して再コンパイルしてください。
[INFO] 
[INFO] --- resources:3.3.1:testResources (default-testResources) @ opendolphin-persistence ---
[INFO] skip non existing resourceDirectory /Users/Hayato/Documents/GitHub/OpenDolphin_WebClient-wo4-clinical-wave1-batch2-main/persistence/src/test/resources
[INFO] 
[INFO] --- compiler:3.11.0:testCompile (default-testCompile) @ opendolphin-persistence ---
[INFO] Changes detected - recompiling the module! :dependency
[INFO] Compiling 3 source files with javac [debug deprecation release 17] to target/test-classes
[INFO] 
[INFO] --- surefire:3.2.5:test (default-test) @ opendolphin-persistence ---
[INFO] 
[INFO] -----------------< opendolphin:opendolphin-reporting >------------------
[INFO] Building opendolphin-reporting 2.7.1                               [4/5]
[INFO]   from reporting/pom.xml
[INFO] --------------------------------[ jar ]---------------------------------
[INFO] 
[INFO] --- resources:3.3.1:resources (default-resources) @ opendolphin-reporting ---
[INFO] skip non existing resourceDirectory /Users/Hayato/Documents/GitHub/OpenDolphin_WebClient-wo4-clinical-wave1-batch2-main/reporting/src/main/resources
[INFO] Copying 7 resources from ../server-modernized/reporting/templates to target/classes/reporting/templates
[INFO] Copying 1 resource from ../server-modernized/reporting/glossary to target/classes/reporting/glossary
[INFO] 
[INFO] --- compiler:3.11.0:compile (default-compile) @ opendolphin-reporting ---
[INFO] Changes detected - recompiling the module! :source
[INFO] Compiling 18 source files with javac [debug release 8] to target/classes
[WARNING] ソース値8は廃止されていて、今後のリリースで削除される予定です
[WARNING] ターゲット値8は廃止されていて、今後のリリースで削除される予定です
[WARNING] 廃止されたオプションについての警告を表示しないようにするには、-Xlint:オプションを使用します。
[INFO] 
[INFO] --- resources:3.3.1:testResources (default-testResources) @ opendolphin-reporting ---
[INFO] skip non existing resourceDirectory /Users/Hayato/Documents/GitHub/OpenDolphin_WebClient-wo4-clinical-wave1-batch2-main/reporting/src/test/resources
[INFO] 
[INFO] --- compiler:3.11.0:testCompile (default-testCompile) @ opendolphin-reporting ---
[INFO] Changes detected - recompiling the module! :dependency
[INFO] Compiling 1 source file with javac [debug release 8] to target/test-classes
[WARNING] ソース値8は廃止されていて、今後のリリースで削除される予定です
[WARNING] ターゲット値8は廃止されていて、今後のリリースで削除される予定です
[WARNING] 廃止されたオプションについての警告を表示しないようにするには、-Xlint:オプションを使用します。
[INFO] 
[INFO] --- surefire:3.2.5:test (default-test) @ opendolphin-reporting ---
[INFO] 
[INFO] -------------< opendolphin:opendolphin-server-modernized >--------------
[INFO] Building opendolphin-server-modernized 2.7.1                       [5/5]
[INFO]   from server-modernized/pom.xml
[INFO] --------------------------------[ war ]---------------------------------
[INFO] 
[INFO] --- resources:3.3.1:resources (default-resources) @ opendolphin-server-modernized ---
[INFO] Copying 2 resources from src/main/resources to target/classes
[INFO] Copying 7 resources from reporting/templates to target/classes/reporting/templates
[INFO] Copying 1 resource from reporting/glossary to target/classes/reporting/glossary
[INFO] 
[INFO] --- antrun:3.1.0:run (clean-generated-flyway-migrations) @ opendolphin-server-modernized ---
[INFO] Executing tasks
[INFO]     [mkdir] Created dir: /Users/Hayato/Documents/GitHub/OpenDolphin_WebClient-wo4-clinical-wave1-batch2-main/server-modernized/target/classes/db/migration
[INFO] Executed tasks
[INFO] 
[INFO] --- resources:3.3.1:copy-resources (copy-canonical-flyway-migrations) @ opendolphin-server-modernized ---
[INFO] Copying 11 resources from tools/flyway/sql to target/classes/db/migration
[INFO] 
[INFO] --- compiler:3.11.0:compile (default-compile) @ opendolphin-server-modernized ---
[INFO] Changes detected - recompiling the module! :dependency
[INFO] Compiling 440 source files with javac [debug deprecation release 17] to target/classes
[WARNING] /Users/Hayato/Documents/GitHub/OpenDolphin_WebClient-wo4-clinical-wave1-batch2-main/server-modernized/src/main/java/open/dolphin/rest/AbstractResource.java:[168,46] com.fasterxml.jackson.databind.SerializationFeatureのWRITE_NULL_MAP_VALUESは推奨されません
[WARNING] /Users/Hayato/Documents/GitHub/OpenDolphin_WebClient-wo4-clinical-wave1-batch2-main/server-modernized/src/main/java/open/dolphin/rest/orca/LocalPatientMutationResource.java:[165,27] open.dolphin.session.PatientServiceBeanのupdate(open.dolphin.infomodel.PatientModel)は推奨されません
[WARNING] /Users/Hayato/Documents/GitHub/OpenDolphin_WebClient-wo4-clinical-wave1-batch2-main/server-modernized/src/main/java/open/dolphin/converter/PlistParser.java:[255,42] java.lang.ClassのnewInstance()は推奨されません
[INFO] /Users/Hayato/Documents/GitHub/OpenDolphin_WebClient-wo4-clinical-wave1-batch2-main/server-modernized/src/main/java/open/dolphin/session/UserServiceBean.java: 入力ファイルの操作のうち、未チェックまたは安全ではないものがあります。
[INFO] /Users/Hayato/Documents/GitHub/OpenDolphin_WebClient-wo4-clinical-wave1-batch2-main/server-modernized/src/main/java/open/dolphin/session/UserServiceBean.java: 詳細は、-Xlint:uncheckedオプションを指定して再コンパイルしてください。
[INFO] 
[INFO] --- resources:3.3.1:testResources (default-testResources) @ opendolphin-server-modernized ---
[INFO] Copying 80 resources from src/test/resources to target/test-classes
[INFO] 
[INFO] --- compiler:3.11.0:testCompile (default-testCompile) @ opendolphin-server-modernized ---
[INFO] Changes detected - recompiling the module! :dependency
[INFO] Compiling 220 source files with javac [debug deprecation release 17] to target/test-classes
[WARNING] /Users/Hayato/Documents/GitHub/OpenDolphin_WebClient-wo4-clinical-wave1-batch2-main/server-modernized/src/test/java/open/dolphin/db/FreshSchemaBaselineTest.java:[273,48] org.hibernate.cfg.JdbcSettingsのDATASOURCEは推奨されません
[WARNING] /Users/Hayato/Documents/GitHub/OpenDolphin_WebClient-wo4-clinical-wave1-batch2-main/server-modernized/src/test/java/open/dolphin/rest/orca/LocalPatientMutationResourceIdempotencyTest.java:[200,20] open.dolphin.session.PatientServiceBeanのupdate(open.dolphin.infomodel.PatientModel)は推奨されません
[WARNING] /Users/Hayato/Documents/GitHub/OpenDolphin_WebClient-wo4-clinical-wave1-batch2-main/server-modernized/src/test/java/open/dolphin/rest/PatientModV2OutpatientResourceIdempotencyTest.java:[149,20] open.dolphin.session.PatientServiceBeanのupdate(open.dolphin.infomodel.PatientModel)は推奨されません
[INFO] /Users/Hayato/Documents/GitHub/OpenDolphin_WebClient-wo4-clinical-wave1-batch2-main/server-modernized/src/test/java/open/dolphin/session/KarteServiceBeanGetKarteTest.java: 入力ファイルの操作のうち、未チェックまたは安全ではないものがあります。
[INFO] /Users/Hayato/Documents/GitHub/OpenDolphin_WebClient-wo4-clinical-wave1-batch2-main/server-modernized/src/test/java/open/dolphin/session/KarteServiceBeanGetKarteTest.java: 詳細は、-Xlint:uncheckedオプションを指定して再コンパイルしてください。
[INFO] 
[INFO] --- surefire:3.1.2:test (default-test) @ opendolphin-server-modernized ---
[INFO] Using auto detected provider org.apache.maven.surefire.junitplatform.JUnitPlatformProvider
[INFO] 
[INFO] -------------------------------------------------------
[INFO]  T E S T S
[INFO] -------------------------------------------------------
[INFO] Running open.dolphin.rest.orca.LocalOrderBundleResourceTest
SLF4J(W): No SLF4J providers were found.
SLF4J(W): Defaulting to no-operation (NOP) logger implementation
SLF4J(W): See https://www.slf4j.org/codes.html#noProviders for further details.
[INFO] Tests run: 30, Failures: 0, Errors: 0, Skipped: 0, Time elapsed: 0.283 s -- in open.dolphin.rest.orca.LocalOrderBundleResourceTest
[INFO] Running open.dolphin.rest.orca.LocalOrderBundleResource600Test
[INFO] Tests run: 18, Failures: 0, Errors: 0, Skipped: 0, Time elapsed: 0.028 s -- in open.dolphin.rest.orca.LocalOrderBundleResource600Test
4月 22, 2026 8:17:46 午前 org.jboss.logmanager.JBossLoggerFinder getLogger
ERROR: The LogManager accessed before the "java.util.logging.manager" system property was set to "org.jboss.logmanager.LogManager". Results may be unexpected.
[INFO] 
[INFO] Results:
[INFO] 
[INFO] Tests run: 48, Failures: 0, Errors: 0, Skipped: 0
[INFO] 
[INFO] ------------------------------------------------------------------------
[INFO] Reactor Summary for opendolphin 2.7.1:
[INFO] 
[INFO] opendolphin ........................................ SUCCESS [  0.001 s]
[INFO] opendolphin-api-contract ........................... SUCCESS [  1.106 s]
[INFO] opendolphin-persistence ............................ SUCCESS [  0.771 s]
[INFO] opendolphin-reporting .............................. SUCCESS [  0.297 s]
[INFO] opendolphin-server-modernized ...................... SUCCESS [  6.467 s]
[INFO] ------------------------------------------------------------------------
[INFO] BUILD SUCCESS
[INFO] ------------------------------------------------------------------------
[INFO] Total time:  8.733 s
[INFO] Finished at: 2026-04-22T08:17:46+09:00
[INFO] ------------------------------------------------------------------------

end_utc: 2026-04-21T23:17:46Z
exit_code: 0
