runId: 20260421T224445Z
cwd: /Users/Hayato/Documents/GitHub/OpenDolphin_WebClient-wo4-clinical-wave1-batch2-main
command: cd web-client && npm test -- --run src/features/charts/__tests__/SoapNotePanel.serverReadback.test.tsx src/features/charts/__tests__/soapNoteDirtyState.test.tsx src/features/charts/__tests__/soapNoteAudit.test.tsx src/features/charts/__tests__/SoapNotePanel.test.tsx src/features/charts/__tests__/soapSubjectivesOrcaBoundary.test.tsx
start_utc: 2026-04-21T23:22:42Z


> web-client@0.0.0 pretest
> npm run verify:web-guard


> web-client@0.0.0 verify:web-guard
> npm run verify:no-public-secrets && npm run verify:no-blocked-orca-route-strings && npm run verify:no-legacy-auth-drift


> web-client@0.0.0 verify:no-public-secrets
> node scripts/verify-no-public-secrets.mjs

[verify:no-public-secrets] web-client 配下の gitignore 対象外 .env* に問題は検出されませんでした。

> web-client@0.0.0 verify:no-blocked-orca-route-strings
> node scripts/verify-no-blocked-orca-route-strings.mjs

[verify:no-blocked-orca-route-strings] ORCA route taxonomy guard passed. scanned roots=9, files=1147. category counts: production fail-close sentinel=2, MSW mock/test-only legacy route surface=2, e2e/QA fixture surface=248, blocked-route detector=39, docs/reference=183, server route inventory negative assertion=2, web.xml exposure negative assertion=3. skipped roots: none

> web-client@0.0.0 verify:no-legacy-auth-drift
> node scripts/verify-no-legacy-auth-drift.mjs

[verify:no-legacy-auth-drift] legacy auth drift token の再混入は検出されませんでした。

> web-client@0.0.0 test
> vitest run --run src/features/charts/__tests__/SoapNotePanel.serverReadback.test.tsx src/features/charts/__tests__/soapNoteDirtyState.test.tsx src/features/charts/__tests__/soapNoteAudit.test.tsx src/features/charts/__tests__/SoapNotePanel.test.tsx src/features/charts/__tests__/soapSubjectivesOrcaBoundary.test.tsx


 RUN  v4.0.18 /Users/Hayato/Documents/GitHub/OpenDolphin_WebClient-wo4-clinical-wave1-batch2-main/web-client

 ✓ src/features/charts/__tests__/soapSubjectivesOrcaBoundary.test.tsx (2 tests) 24ms
 ✓ src/features/charts/__tests__/SoapNotePanel.test.tsx (1 test) 63ms
 ✓ src/features/charts/__tests__/soapNoteDirtyState.test.tsx (2 tests) 281ms
 ✓ src/features/charts/__tests__/SoapNotePanel.serverReadback.test.tsx (1 test) 296ms
stdout | src/features/charts/__tests__/soapNoteAudit.test.tsx > SOAP note audit > テンプレ挿入→保存でタイムラインに履歴が反映される
[telemetry] Record outpatient funnel {
  stage: 'resolve_master',
  funnel: 'funnels/outpatient',
  dataSourceTransition: 'snapshot',
  cacheHit: false,
  missingMaster: false,
  runId: 'RUN-SOAP',
  traceId: 'TRACE-SOAP',
  fallbackUsed: false,
  action: undefined,
  outcome: undefined,
  durationMs: undefined,
  note: undefined,
  reason: undefined,
  recordedAt: '2026-04-21T23:22:47.291Z'
}
[telemetry] Record outpatient funnel {
  stage: 'charts_orchestration',
  funnel: 'funnels/outpatient',
  dataSourceTransition: 'snapshot',
  cacheHit: false,
  missingMaster: false,
  runId: 'RUN-SOAP',
  traceId: 'TRACE-SOAP',
  fallbackUsed: false,
  action: undefined,
  outcome: undefined,
  durationMs: undefined,
  note: undefined,
  reason: undefined,
  recordedAt: '2026-04-21T23:22:47.291Z'
}

 ✓ src/features/charts/__tests__/soapNoteAudit.test.tsx (3 tests) 403ms

 Test Files  5 passed (5)
      Tests  9 passed (9)
   Start at  08:22:44
   Duration  3.14s (transform 6.26s, setup 484ms, import 8.56s, tests 1.07s, environment 2.28s)


end_utc: 2026-04-21T23:22:47Z
exit_code: 0
