runId: 20260421T224445Z
cwd: /Users/Hayato/Documents/GitHub/OpenDolphin_WebClient-wo4-clinical-wave1-batch2-main
command: cd web-client && npm test -- --run src/features/charts/__tests__/orderLocalOrcaBoundary.test.ts src/features/charts/__tests__/orderLocalPersistenceMatrix.test.ts src/features/charts/__tests__/orderBundleValidation.test.ts src/features/charts/__tests__/orderBundleBodyPart.test.tsx src/features/charts/orderSend600SubtypeSmoke.test.ts
start_utc: 2026-04-21T23:22:54Z


> web-client@0.0.0 pretest
> npm run verify:web-guard


> web-client@0.0.0 verify:web-guard
> npm run verify:no-public-secrets && npm run verify:no-blocked-orca-route-strings && npm run verify:no-legacy-auth-drift


> web-client@0.0.0 verify:no-public-secrets
> node scripts/verify-no-public-secrets.mjs

[verify:no-public-secrets] web-client 配下の gitignore 対象外 .env* に問題は検出されませんでした。

> web-client@0.0.0 verify:no-blocked-orca-route-strings
> node scripts/verify-no-blocked-orca-route-strings.mjs

[verify:no-blocked-orca-route-strings] ORCA route taxonomy guard passed. scanned roots=9, files=1147. category counts: production fail-close sentinel=2, MSW mock/test-only legacy route surface=2, e2e/QA fixture surface=248, blocked-route detector=39, docs/reference=183, server route inventory negative assertion=2, web.xml exposure negative assertion=3. skipped roots: none

> web-client@0.0.0 verify:no-legacy-auth-drift
> node scripts/verify-no-legacy-auth-drift.mjs

[verify:no-legacy-auth-drift] legacy auth drift token の再混入は検出されませんでした。

> web-client@0.0.0 test
> vitest run --run src/features/charts/__tests__/orderLocalOrcaBoundary.test.ts src/features/charts/__tests__/orderLocalPersistenceMatrix.test.ts src/features/charts/__tests__/orderBundleValidation.test.ts src/features/charts/__tests__/orderBundleBodyPart.test.tsx src/features/charts/orderSend600SubtypeSmoke.test.ts


 RUN  v4.0.18 /Users/Hayato/Documents/GitHub/OpenDolphin_WebClient-wo4-clinical-wave1-batch2-main/web-client

 ✓ src/features/charts/__tests__/orderLocalPersistenceMatrix.test.ts (10 tests) 17ms
 ✓ src/features/charts/__tests__/orderLocalOrcaBoundary.test.ts (5 tests) 12ms
 ✓ src/features/charts/orderSend600SubtypeSmoke.test.ts (4 tests) 16ms
 ✓ src/features/charts/__tests__/orderBundleValidation.test.ts (54 tests) 11ms
 ✓ src/features/charts/__tests__/orderBundleBodyPart.test.tsx (7 tests) 888ms
     ✓ radiologyOrder の bodyPart 検索は 002 部位を read-only フィールドへ反映する  431ms
     ✓ bodyPart 検索失敗時は aria-live=assertive のエラーを表示する  306ms

 Test Files  5 passed (5)
      Tests  80 passed (80)
   Start at  08:22:55
   Duration  3.36s (transform 4.08s, setup 422ms, import 4.98s, tests 944ms, environment 1.80s)


end_utc: 2026-04-21T23:22:59Z
exit_code: 0
