runId: 20260421T224445Z
cwd: /Users/Hayato/Documents/GitHub/OpenDolphin_WebClient-wo4-clinical-wave1-batch2-main
command: cd web-client && npm test -- --run src/features/charts/__tests__/documentCreatePanel.test.tsx src/features/charts/__tests__/PatientSummaryPanel.test.tsx src/features/charts/patientFreeDocumentApi.test.ts
start_utc: 2026-04-21T23:23:38Z


> web-client@0.0.0 pretest
> npm run verify:web-guard


> web-client@0.0.0 verify:web-guard
> npm run verify:no-public-secrets && npm run verify:no-blocked-orca-route-strings && npm run verify:no-legacy-auth-drift


> web-client@0.0.0 verify:no-public-secrets
> node scripts/verify-no-public-secrets.mjs

[verify:no-public-secrets] web-client 配下の gitignore 対象外 .env* に問題は検出されませんでした。

> web-client@0.0.0 verify:no-blocked-orca-route-strings
> node scripts/verify-no-blocked-orca-route-strings.mjs

[verify:no-blocked-orca-route-strings] ORCA route taxonomy guard passed. scanned roots=9, files=1147. category counts: production fail-close sentinel=2, MSW mock/test-only legacy route surface=2, e2e/QA fixture surface=248, blocked-route detector=39, docs/reference=183, server route inventory negative assertion=2, web.xml exposure negative assertion=3. skipped roots: none

> web-client@0.0.0 verify:no-legacy-auth-drift
> node scripts/verify-no-legacy-auth-drift.mjs

[verify:no-legacy-auth-drift] legacy auth drift token の再混入は検出されませんでした。

> web-client@0.0.0 test
> vitest run --run src/features/charts/__tests__/documentCreatePanel.test.tsx src/features/charts/__tests__/PatientSummaryPanel.test.tsx src/features/charts/patientFreeDocumentApi.test.ts


 RUN  v4.0.18 /Users/Hayato/Documents/GitHub/OpenDolphin_WebClient-wo4-clinical-wave1-batch2-main/web-client

 ✓ src/features/charts/patientFreeDocumentApi.test.ts (2 tests) 11ms
 ✓ src/features/charts/__tests__/PatientSummaryPanel.test.tsx (4 tests) 151ms
stderr | src/features/charts/__tests__/documentCreatePanel.test.tsx > DocumentCreatePanel > 文書作成メニューとフォームが表示される
Warning: An update to DocumentCreatePanel inside a test was not wrapped in act(...).

When testing, code that causes React state updates should be wrapped into act(...):

act(() => {
  /* fire events that update state */
});
/* assert on the output */

This ensures that you're testing the behavior the user would see in the browser. Learn more at https://reactjs.org/link/wrap-tests-with-act
    at DocumentCreatePanel (/Users/Hayato/Documents/GitHub/OpenDolphin_WebClient-wo4-clinical-wave1-batch2-main/web-client/src/features/charts/DocumentCreatePanel.tsx:388:3)
    at Router (file:///Users/Hayato/Documents/GitHub/OpenDolphin_WebClient-wo4-clinical-wave1-batch2-main/web-client/node_modules/react-router/dist/development/chunk-LFPYN7LY.mjs:6653:13)
    at MemoryRouter (file:///Users/Hayato/Documents/GitHub/OpenDolphin_WebClient-wo4-clinical-wave1-batch2-main/web-client/node_modules/react-router/dist/development/chunk-LFPYN7LY.mjs:6569:3)

 ✓ src/features/charts/__tests__/documentCreatePanel.test.tsx (20 tests) 1188ms

 Test Files  3 passed (3)
      Tests  26 passed (26)
   Start at  08:23:39
   Duration  3.56s (transform 1.81s, setup 209ms, import 2.27s, tests 1.35s, environment 720ms)


end_utc: 2026-04-21T23:23:43Z
exit_code: 0
