runId: 20260421T224445Z
cwd: /Users/Hayato/Documents/GitHub/OpenDolphin_WebClient-wo4-clinical-wave1-batch2-main
command: cd web-client && npm test -- --run src/features/charts/__tests__/prescriptionOrderApi.test.ts src/features/charts/__tests__/prescriptionOrderLocalRoundtripBoundary.test.ts src/features/charts/__tests__/prescriptionOrderEditorPanel.local-only.test.tsx src/features/charts/__tests__/prescriptionOrderEditorPanel.orca-support.test.tsx src/features/charts/__tests__/prescriptionOrderOrcaSupport.test.tsx src/features/charts/__tests__/orderLocalOrcaBoundary.test.ts
start_utc: 2026-04-21T23:23:17Z


> web-client@0.0.0 pretest
> npm run verify:web-guard


> web-client@0.0.0 verify:web-guard
> npm run verify:no-public-secrets && npm run verify:no-blocked-orca-route-strings && npm run verify:no-legacy-auth-drift


> web-client@0.0.0 verify:no-public-secrets
> node scripts/verify-no-public-secrets.mjs

[verify:no-public-secrets] web-client 配下の gitignore 対象外 .env* に問題は検出されませんでした。

> web-client@0.0.0 verify:no-blocked-orca-route-strings
> node scripts/verify-no-blocked-orca-route-strings.mjs

[verify:no-blocked-orca-route-strings] ORCA route taxonomy guard passed. scanned roots=9, files=1147. category counts: production fail-close sentinel=2, MSW mock/test-only legacy route surface=2, e2e/QA fixture surface=248, blocked-route detector=39, docs/reference=183, server route inventory negative assertion=2, web.xml exposure negative assertion=3. skipped roots: none

> web-client@0.0.0 verify:no-legacy-auth-drift
> node scripts/verify-no-legacy-auth-drift.mjs

[verify:no-legacy-auth-drift] legacy auth drift token の再混入は検出されませんでした。

> web-client@0.0.0 test
> vitest run --run src/features/charts/__tests__/prescriptionOrderApi.test.ts src/features/charts/__tests__/prescriptionOrderLocalRoundtripBoundary.test.ts src/features/charts/__tests__/prescriptionOrderEditorPanel.local-only.test.tsx src/features/charts/__tests__/prescriptionOrderEditorPanel.orca-support.test.tsx src/features/charts/__tests__/prescriptionOrderOrcaSupport.test.tsx src/features/charts/__tests__/orderLocalOrcaBoundary.test.ts


 RUN  v4.0.18 /Users/Hayato/Documents/GitHub/OpenDolphin_WebClient-wo4-clinical-wave1-batch2-main/web-client

 ✓ src/features/charts/__tests__/prescriptionOrderLocalRoundtripBoundary.test.ts (2 tests) 13ms
 ✓ src/features/charts/__tests__/prescriptionOrderApi.test.ts (13 tests) 20ms
 ✓ src/features/charts/__tests__/orderLocalOrcaBoundary.test.ts (5 tests) 11ms
 ✓ src/features/charts/__tests__/prescriptionOrderEditorPanel.local-only.test.tsx (2 tests) 274ms
 ✓ src/features/charts/__tests__/prescriptionOrderOrcaSupport.test.tsx (3 tests) 452ms
 ✓ src/features/charts/__tests__/prescriptionOrderEditorPanel.orca-support.test.tsx (9 tests) 737ms

 Test Files  6 passed (6)
      Tests  34 passed (34)
   Start at  08:23:18
   Duration  1.74s (transform 1.23s, setup 512ms, import 2.04s, tests 1.51s, environment 2.48s)


end_utc: 2026-04-21T23:23:20Z
exit_code: 0
