runId: 20260421T224445Z
cwd: /Users/Hayato/Documents/GitHub/OpenDolphin_WebClient-wo4-clinical-wave1-batch2-main
command: npm --prefix web-client ci
start_utc: 2026-04-21T23:17:14Z

npm warn ERESOLVE overriding peer dependency
npm warn While resolving: @typescript-eslint/utils@5.62.0
npm warn Found: eslint@9.39.3
npm warn node_modules/eslint
npm warn   dev eslint@"^9.36.0" from the root project
npm warn   9 more (@eslint-community/eslint-utils, ...)
npm warn
npm warn Could not resolve dependency:
npm warn peer eslint@"^6.0.0 || ^7.0.0 || ^8.0.0" from @typescript-eslint/utils@5.62.0
npm warn node_modules/eslint-plugin-storybook/node_modules/@typescript-eslint/utils
npm warn   @typescript-eslint/utils@"^5.62.0" from eslint-plugin-storybook@0.8.0
npm warn   node_modules/eslint-plugin-storybook
npm warn
npm warn Conflicting peer dependency: eslint@8.57.1
npm warn node_modules/eslint
npm warn   peer eslint@"^6.0.0 || ^7.0.0 || ^8.0.0" from @typescript-eslint/utils@5.62.0
npm warn   node_modules/eslint-plugin-storybook/node_modules/@typescript-eslint/utils
npm warn     @typescript-eslint/utils@"^5.62.0" from eslint-plugin-storybook@0.8.0
npm warn     node_modules/eslint-plugin-storybook
npm warn deprecated inflight@1.0.6: This module is not supported, and leaks memory. Do not use it. Check out lru-cache if you want a good and tested way to coalesce async requests by a key value, which is much more comprehensive and powerful.
npm warn deprecated rimraf@2.7.1: Rimraf versions prior to v4 are no longer supported
npm warn deprecated whatwg-encoding@3.1.1: Use @exodus/bytes instead for a more spec-conformant and faster implementation
npm warn deprecated rimraf@3.0.2: Rimraf versions prior to v4 are no longer supported
npm warn deprecated glob@7.2.3: Old versions of glob are not supported, and contain widely publicized security vulnerabilities, which have been fixed in the current version. Please update. Support for old versions may be purchased (at exorbitant rates) by contacting i@izs.me
npm warn deprecated glob@7.2.3: Old versions of glob are not supported, and contain widely publicized security vulnerabilities, which have been fixed in the current version. Please update. Support for old versions may be purchased (at exorbitant rates) by contacting i@izs.me
npm warn deprecated glob@10.5.0: Old versions of glob are not supported, and contain widely publicized security vulnerabilities, which have been fixed in the current version. Please update. Support for old versions may be purchased (at exorbitant rates) by contacting i@izs.me

added 973 packages, and audited 974 packages in 7s

195 packages are looking for funding
  run `npm fund` for details

4 low severity vulnerabilities

To address all issues (including breaking changes), run:
  npm audit fix --force

Run `npm audit` for details.

end_utc: 2026-04-21T23:17:20Z
exit_code: 0
