command_log_version=1
command=npm test -- --run src/features/charts/__tests__/dadsClinicalInputContract.test.tsx
cwd=/Users/Hayato/Documents/GitHub/OpenDolphin_WebClient/web-client
runId=20260421T111148Z
start_utc=2026-04-21T11:43:24Z
--- command output ---

> web-client@0.0.0 pretest
> npm run verify:web-guard


> web-client@0.0.0 verify:web-guard
> npm run verify:no-public-secrets && npm run verify:no-blocked-orca-route-strings && npm run verify:no-legacy-auth-drift


> web-client@0.0.0 verify:no-public-secrets
> node scripts/verify-no-public-secrets.mjs

[verify:no-public-secrets] web-client 配下の gitignore 対象外 .env* に問題は検出されませんでした。

> web-client@0.0.0 verify:no-blocked-orca-route-strings
> node scripts/verify-no-blocked-orca-route-strings.mjs

[verify:no-blocked-orca-route-strings] ORCA route taxonomy guard passed. scanned roots=9, files=1115. category counts: production fail-close sentinel=2, MSW mock/test-only legacy route surface=2, e2e/QA fixture surface=248, blocked-route detector=39, docs/reference=181, server route inventory negative assertion=2, web.xml exposure negative assertion=3. skipped roots: none

> web-client@0.0.0 verify:no-legacy-auth-drift
> node scripts/verify-no-legacy-auth-drift.mjs

[verify:no-legacy-auth-drift] legacy auth drift token の再混入は検出されませんでした。

> web-client@0.0.0 test
> vitest run --run src/features/charts/__tests__/dadsClinicalInputContract.test.tsx


 RUN  v4.0.18 /Users/Hayato/Documents/GitHub/OpenDolphin_WebClient/web-client

 ✓ src/features/charts/__tests__/dadsClinicalInputContract.test.tsx (4 tests) 184ms

 Test Files  1 passed (1)
      Tests  4 passed (4)
   Start at  20:43:28
   Duration  6.46s (transform 2.24s, setup 491ms, import 3.09s, tests 184ms, environment 2.54s)

--- command summary ---
end_utc=2026-04-21T11:43:34Z
exit_code=0
result=PASS
