command_log_version=1
command=npm run build
cwd=/Users/Hayato/Documents/GitHub/OpenDolphin_WebClient/web-client
runId=20260421T101349Z
start_utc=2026-04-21T10:36:48Z
--- command output ---

> web-client@0.0.0 prebuild
> npm run verify:web-guard


> web-client@0.0.0 verify:web-guard
> npm run verify:no-public-secrets && npm run verify:no-blocked-orca-route-strings && npm run verify:no-legacy-auth-drift


> web-client@0.0.0 verify:no-public-secrets
> node scripts/verify-no-public-secrets.mjs

[verify:no-public-secrets] web-client 配下の gitignore 対象外 .env* に問題は検出されませんでした。

> web-client@0.0.0 verify:no-blocked-orca-route-strings
> node scripts/verify-no-blocked-orca-route-strings.mjs

[verify:no-blocked-orca-route-strings] ORCA route taxonomy guard passed. scanned roots=9, files=1101. category counts: production fail-close sentinel=2, MSW mock/test-only legacy route surface=2, e2e/QA fixture surface=248, blocked-route detector=39, docs/reference=180, server route inventory negative assertion=2, web.xml exposure negative assertion=3. skipped roots: none

> web-client@0.0.0 verify:no-legacy-auth-drift
> node scripts/verify-no-legacy-auth-drift.mjs

[verify:no-legacy-auth-drift] legacy auth drift token の再混入は検出されませんでした。

> web-client@0.0.0 build
> tsc -b && vite build && node scripts/prune-prod-artifacts.mjs

src/features/charts/__tests__/dadsClinicalInputContract.test.tsx(181,62): error TS2322: Type 'null' is not assignable to type 'LetterModulePayload | undefined'.
src/features/charts/__tests__/dadsClinicalInputContract.test.tsx(243,7): error TS2353: Object literal may only specify known properties, and 'readOnly' does not exist in type '{ runId: string; cacheHit: boolean; missingMaster: boolean; fallbackUsed: boolean; dataSourceTransition: "server"; patientId: string; visitDate: string; }'.
--- command summary ---
end_utc=2026-04-21T10:37:08Z
exit_code=2
result=FAIL
