command_log_version=1
command=npm run lint
cwd=/Users/Hayato/Documents/GitHub/OpenDolphin_WebClient/web-client
runId=20260421T101349Z
start_utc=2026-04-21T10:37:17Z
--- command output ---

> web-client@0.0.0 prelint
> npm run verify:no-target-blank-unsafe


> web-client@0.0.0 verify:no-target-blank-unsafe
> node scripts/verify-no-target-blank-unsafe.mjs

[verify:no-target-blank-unsafe] 問題は検出されませんでした。

> web-client@0.0.0 lint
> eslint .


/Users/Hayato/Documents/GitHub/OpenDolphin_WebClient/web-client/scripts/qa-charts-compact-header-draft-save.mjs
  200:3  warning  Unused eslint-disable directive (no problems were reported from 'no-console')
  205:3  warning  Unused eslint-disable directive (no problems were reported from 'no-console')

/Users/Hayato/Documents/GitHub/OpenDolphin_WebClient/web-client/scripts/qa-charts-compact-ui-phasea.mjs
  174:3  warning  Unused eslint-disable directive (no problems were reported from 'no-console')
  179:3  warning  Unused eslint-disable directive (no problems were reported from 'no-console')

/Users/Hayato/Documents/GitHub/OpenDolphin_WebClient/web-client/scripts/qa-charts-do-copy-manual-regression.mjs
  213:3  warning  Unused eslint-disable directive (no problems were reported from 'no-console')
  218:3  warning  Unused eslint-disable directive (no problems were reported from 'no-console')

/Users/Hayato/Documents/GitHub/OpenDolphin_WebClient/web-client/scripts/qa-charts-do-copy-phase1.mjs
  187:3  warning  Unused eslint-disable directive (no problems were reported from 'no-console')
  192:3  warning  Unused eslint-disable directive (no problems were reported from 'no-console')

/Users/Hayato/Documents/GitHub/OpenDolphin_WebClient/web-client/scripts/qa-charts-ui-opt-b-phase1.mjs
  151:3  warning  Unused eslint-disable directive (no problems were reported from 'no-console')
  156:3  warning  Unused eslint-disable directive (no problems were reported from 'no-console')

/Users/Hayato/Documents/GitHub/OpenDolphin_WebClient/web-client/scripts/qa-charts-ui-opt-b-regression.mjs
  357:3  warning  Unused eslint-disable directive (no problems were reported from 'no-console')
  362:3  warning  Unused eslint-disable directive (no problems were reported from 'no-console')

/Users/Hayato/Documents/GitHub/OpenDolphin_WebClient/web-client/scripts/qa-order-001-parity.mjs
  156:7  warning  Unused eslint-disable directive (no problems were reported from 'no-underscore-dangle')

/Users/Hayato/Documents/GitHub/OpenDolphin_WebClient/web-client/src/AppRouter.tsx
  1435:19  warning  The ref value 'toastTimers.current' will likely have changed by the time this effect cleanup function runs. If this ref points to a node rendered by React, copy 'toastTimers.current' to a variable inside the effect, and use that variable in the cleanup function  react-hooks/exhaustive-deps

/Users/Hayato/Documents/GitHub/OpenDolphin_WebClient/web-client/src/LoginScreen.tsx
  157:14  warning  Fast refresh only works when a file only exports components. Use a new file to share constants or functions between components  react-refresh/only-export-components

/Users/Hayato/Documents/GitHub/OpenDolphin_WebClient/web-client/src/__tests__/AppRouter.login-redirect.test.tsx
   32:100  warning  Unexpected any. Specify a different type                                   @typescript-eslint/no-explicit-any
   34:72   warning  Unexpected any. Specify a different type                                   @typescript-eslint/no-explicit-any
   34:89   warning  Unexpected any. Specify a different type                                   @typescript-eslint/no-explicit-any
   36:81   warning  Unexpected any. Specify a different type                                   @typescript-eslint/no-explicit-any
   37:19   warning  Unexpected any. Specify a different type                                   @typescript-eslint/no-explicit-any
   73:31   warning  Unexpected any. Specify a different type                                   @typescript-eslint/no-explicit-any
   78:26   warning  Unexpected any. Specify a different type                                   @typescript-eslint/no-explicit-any
  121:3    warning  Unused eslint-disable directive (no problems were reported from 'no-var')
  122:26   warning  Unexpected any. Specify a different type                                   @typescript-eslint/no-explicit-any
  123:3    warning  Unused eslint-disable directive (no problems were reported from 'no-var')

/Users/Hayato/Documents/GitHub/OpenDolphin_WebClient/web-client/src/features/administration/AccessManagementPanel.tsx
  124:9  warning  The 'users' logical expression could make the dependencies of useMemo Hook (at line 125) change on every render. To fix this, wrap the initialization of 'users' in its own useMemo() Hook  react-hooks/exhaustive-deps

/Users/Hayato/Documents/GitHub/OpenDolphin_WebClient/web-client/src/features/administration/AdministrationPage.tsx
  513:6  warning  React Hook useMemo has unnecessary dependencies: 'configQuery.data.runId', 'feedback.message', 'queueQuery.data.runId', and 'resolvedRunId'. Either exclude them or remove the dependency array  react-hooks/exhaustive-deps

/Users/Hayato/Documents/GitHub/OpenDolphin_WebClient/web-client/src/features/administration/OrcaUserManagementPanel.tsx
  180:9  warning  The 'orcaUsers' logical expression could make the dependencies of useEffect Hook (at line 205) change on every render. To fix this, wrap the initialization of 'orcaUsers' in its own useMemo() Hook  react-hooks/exhaustive-deps
  180:9  warning  The 'orcaUsers' logical expression could make the dependencies of useMemo Hook (at line 219) change on every render. To fix this, wrap the initialization of 'orcaUsers' in its own useMemo() Hook    react-hooks/exhaustive-deps
  180:9  warning  The 'orcaUsers' logical expression could make the dependencies of useMemo Hook (at line 233) change on every render. To fix this, wrap the initialization of 'orcaUsers' in its own useMemo() Hook    react-hooks/exhaustive-deps
  180:9  warning  The 'orcaUsers' logical expression could make the dependencies of useMemo Hook (at line 242) change on every render. To fix this, wrap the initialization of 'orcaUsers' in its own useMemo() Hook    react-hooks/exhaustive-deps
  181:9  warning  The 'ehrUsers' logical expression could make the dependencies of useEffect Hook (at line 194) change on every render. To fix this, wrap the initialization of 'ehrUsers' in its own useMemo() Hook    react-hooks/exhaustive-deps
  181:9  warning  The 'ehrUsers' logical expression could make the dependencies of useMemo Hook (at line 209) change on every render. To fix this, wrap the initialization of 'ehrUsers' in its own useMemo() Hook      react-hooks/exhaustive-deps

/Users/Hayato/Documents/GitHub/OpenDolphin_WebClient/web-client/src/features/administration/accessManagementApi.ts
  74:13  warning  Unexpected any. Specify a different type  @typescript-eslint/no-explicit-any

/Users/Hayato/Documents/GitHub/OpenDolphin_WebClient/web-client/src/features/charts/ChartsActionBar.tsx
  469:6  warning  React Hook useEffect has a missing dependency: 'storageScope'. Either include it or remove the dependency array                                            react-hooks/exhaustive-deps
  604:6  warning  React Hook useMemo has unnecessary dependencies: 'dataSourceTransition' and 'patientId'. Either exclude them or remove the dependency array                react-hooks/exhaustive-deps
  866:6  warning  React Hook useMemo has unnecessary dependencies: 'approvalLock.runId', 'resolvedTraceId', and 'runId'. Either exclude them or remove the dependency array  react-hooks/exhaustive-deps

/Users/Hayato/Documents/GitHub/OpenDolphin_WebClient/web-client/src/features/charts/DocumentCreatePanel.tsx
   798:6  warning  React Hook useEffect has a missing dependency: 'storageScope'. Either include it or remove the dependency array                                                                                                         react-hooks/exhaustive-deps
  1612:9  warning  The 'handleOpenDocumentPreview' function makes the dependencies of useEffect Hook (at line 1756) change on every render. To fix this, wrap the definition of 'handleOpenDocumentPreview' in its own useCallback() Hook  react-hooks/exhaustive-deps

/Users/Hayato/Documents/GitHub/OpenDolphin_WebClient/web-client/src/features/charts/DocumentTimeline.tsx
  258:9  warning  The 'claimBundles' logical expression could make the dependencies of useMemo Hook (at line 386) change on every render. To fix this, wrap the initialization of 'claimBundles' in its own useMemo() Hook  react-hooks/exhaustive-deps
  258:9  warning  The 'claimBundles' logical expression could make the dependencies of useMemo Hook (at line 460) change on every render. To fix this, wrap the initialization of 'claimBundles' in its own useMemo() Hook  react-hooks/exhaustive-deps
  344:9  warning  The 'pushEvents' logical expression could make the dependencies of useMemo Hook (at line 347) change on every render. To fix this, wrap the initialization of 'pushEvents' in its own useMemo() Hook      react-hooks/exhaustive-deps
  707:6  warning  React Hook useMemo has an unnecessary dependency: 'buildSoapMeta'. Either exclude it or remove the dependency array                                                                                       react-hooks/exhaustive-deps
  882:6  warning  React Hook useMemo has a missing dependency: 'claimEnabled'. Either include it or remove the dependency array                                                                                             react-hooks/exhaustive-deps

/Users/Hayato/Documents/GitHub/OpenDolphin_WebClient/web-client/src/features/charts/OrcaSummary.tsx
  241:9  warning  The 'claimBundles' logical expression could make the dependencies of useMemo Hook (at line 249) change on every render. To fix this, wrap the initialization of 'claimBundles' in its own useMemo() Hook      react-hooks/exhaustive-deps
  265:9  warning  The 'incomeEntries' logical expression could make the dependencies of useMemo Hook (at line 277) change on every render. To fix this, wrap the initialization of 'incomeEntries' in its own useMemo() Hook    react-hooks/exhaustive-deps
  265:9  warning  The 'incomeEntries' logical expression could make the dependencies of useMemo Hook (at line 282) change on every render. To fix this, wrap the initialization of 'incomeEntries' in its own useMemo() Hook    react-hooks/exhaustive-deps
  265:9  warning  The 'incomeEntries' logical expression could make the dependencies of useMemo Hook (at line 317) change on every render. To fix this, wrap the initialization of 'incomeEntries' in its own useMemo() Hook    react-hooks/exhaustive-deps
  265:9  warning  The 'incomeEntries' logical expression could make the dependencies of useEffect Hook (at line 562) change on every render. To fix this, wrap the initialization of 'incomeEntries' in its own useMemo() Hook  react-hooks/exhaustive-deps
  268:5  warning  React Hook useMemo has an unnecessary dependency: 'incomeInfoQuery.dataUpdatedAt'. Either exclude it or remove the dependency array                                                                           react-hooks/exhaustive-deps

/Users/Hayato/Documents/GitHub/OpenDolphin_WebClient/web-client/src/features/charts/OrderBundleEditPanel.tsx
   828:14  warning  Fast refresh only works when a file only exports components. Use a new file to share constants or functions between components                                                                                   react-refresh/only-export-components
   874:14  warning  Fast refresh only works when a file only exports components. Use a new file to share constants or functions between components                                                                                   react-refresh/only-export-components
  1110:14  warning  Fast refresh only works when a file only exports components. Use a new file to share constants or functions between components                                                                                   react-refresh/only-export-components
  1119:14  warning  Fast refresh only works when a file only exports components. Use a new file to share constants or functions between components                                                                                   react-refresh/only-export-components
  1144:14  warning  Fast refresh only works when a file only exports components. Use a new file to share constants or functions between components                                                                                   react-refresh/only-export-components
  1156:14  warning  Fast refresh only works when a file only exports components. Use a new file to share constants or functions between components                                                                                   react-refresh/only-export-components
  1599:5   warning  React Hook useMemo has a missing dependency: 'form.classCode'. Either include it or remove the dependency array                                                                                                  react-hooks/exhaustive-deps
  2560:5   warning  React Hook useCallback has a missing dependency: 'bundleLabel'. Either include it or remove the dependency array                                                                                                 react-hooks/exhaustive-deps
  2765:9   warning  The 'copyFromHistory' function makes the dependencies of useEffect Hook (at line 2836) change on every render. To fix this, wrap the definition of 'copyFromHistory' in its own useCallback() Hook               react-hooks/exhaustive-deps
  2895:6   warning  React Hook useEffect has a missing dependency: 'handleOrcaSetApply'. Either include it or remove the dependency array                                                                                            react-hooks/exhaustive-deps
  3323:9   warning  The 'fetchedBundles' logical expression could make the dependencies of useEffect Hook (at line 3333) change on every render. To fix this, wrap the initialization of 'fetchedBundles' in its own useMemo() Hook  react-hooks/exhaustive-deps
  3323:9   warning  The 'fetchedBundles' logical expression could make the dependencies of useMemo Hook (at line 3344) change on every render. To fix this, wrap the initialization of 'fetchedBundles' in its own useMemo() Hook    react-hooks/exhaustive-deps

/Users/Hayato/Documents/GitHub/OpenDolphin_WebClient/web-client/src/features/charts/PastHubPanel.tsx
  198:6  warning  React Hook useMemo has a missing dependency: 'selectedContext'. Either include it or remove the dependency array  react-hooks/exhaustive-deps

/Users/Hayato/Documents/GitHub/OpenDolphin_WebClient/web-client/src/features/charts/PatientsTab.tsx
   518:6    warning  React Hook useMemo has an unnecessary dependency: 'canEditMemoByRole'. Either exclude it or remove the dependency array                                                                                                                                  react-hooks/exhaustive-deps
   650:6    warning  React Hook useEffect has a missing dependency: 'selectedContext'. Either include it or remove the dependency array                                                                                                                                       react-hooks/exhaustive-deps
   816:5    warning  React Hook useCallback has a missing dependency: 'selectedContext'. Either include it or remove the dependency array                                                                                                                                     react-hooks/exhaustive-deps
   872:6    warning  React Hook useEffect has a missing dependency: 'selected'. Either include it or remove the dependency array                                                                                                                                              react-hooks/exhaustive-deps
   888:6    warning  React Hook useEffect has a missing dependency: 'selectedContext'. Either include it or remove the dependency array                                                                                                                                       react-hooks/exhaustive-deps
  1079:6    warning  React Hook useMemo has a missing dependency: 'patientBaseline?.zip'. Either include it or remove the dependency array                                                                                                                                    react-hooks/exhaustive-deps
  1102:6    warning  React Hook useMemo has a missing dependency: 'selected'. Either include it or remove the dependency array                                                                                                                                                react-hooks/exhaustive-deps
  1180:6    warning  React Hook useMemo has a missing dependency: 'confirmSwitchDialog'. Either include it or remove the dependency array. Mutable values like 'confirmSwitchDialog.current' aren't valid dependencies because mutating them doesn't re-render the component  react-hooks/exhaustive-deps
  1272:86   warning  Unexpected any. Specify a different type                                                                                                                                                                                                                 @typescript-eslint/no-explicit-any
  1273:88   warning  Unexpected any. Specify a different type                                                                                                                                                                                                                 @typescript-eslint/no-explicit-any
  1279:31   warning  Unexpected any. Specify a different type                                                                                                                                                                                                                 @typescript-eslint/no-explicit-any
  1815:57   warning  Unexpected any. Specify a different type                                                                                                                                                                                                                 @typescript-eslint/no-explicit-any
  2116:100  warning  Unexpected any. Specify a different type                                                                                                                                                                                                                 @typescript-eslint/no-explicit-any

/Users/Hayato/Documents/GitHub/OpenDolphin_WebClient/web-client/src/features/charts/PrescriptionOrderEditorPanel.tsx
  544:6  warning  React Hook useEffect has missing dependencies: 'applyInputSet', 'canFetchFromServer', 'meta.encounterId', and 'sourceOrder'. Either include them or remove the dependency array. If 'setOrder' needs the current value of 'meta.encounterId', you can also switch to useReducer instead of useState and read 'meta.encounterId' in the reducer  react-hooks/exhaustive-deps

/Users/Hayato/Documents/GitHub/OpenDolphin_WebClient/web-client/src/features/charts/RightUtilityDrawer.tsx
  127:10  warning  Fast refresh only works when a file only exports components. Use a new file to share constants or functions between components  react-refresh/only-export-components
  127:31  warning  Fast refresh only works when a file only exports components. Use a new file to share constants or functions between components  react-refresh/only-export-components

/Users/Hayato/Documents/GitHub/OpenDolphin_WebClient/web-client/src/features/charts/SoapNotePanel.tsx
  706:6  warning  React Hook useEffect has a missing dependency: 'activeCenterPanel'. Either include it or remove the dependency array                                                                                                                                     react-hooks/exhaustive-deps
  744:6  warning  React Hook useEffect has a missing dependency: 'history'. Either include it or remove the dependency array. If 'setDraft' needs the current value of 'history', you can also switch to useReducer instead of useState and read 'history' in the reducer  react-hooks/exhaustive-deps
  781:6  warning  React Hook useEffect has a missing dependency: 'replaceDraftRequest'. Either include it or remove the dependency array                                                                                                                                   react-hooks/exhaustive-deps
  810:6  warning  React Hook useEffect has a missing dependency: 'applyDraftPatch'. Either include it or remove the dependency array                                                                                                                                       react-hooks/exhaustive-deps

/Users/Hayato/Documents/GitHub/OpenDolphin_WebClient/web-client/src/features/charts/StampLibraryPanel.tsx
  228:9  warning  The 'trees' logical expression could make the dependencies of useMemo Hook (at line 247) change on every render. To fix this, wrap the initialization of 'trees' in its own useMemo() Hook  react-hooks/exhaustive-deps
  228:9  warning  The 'trees' logical expression could make the dependencies of useMemo Hook (at line 295) change on every render. To fix this, wrap the initialization of 'trees' in its own useMemo() Hook  react-hooks/exhaustive-deps

/Users/Hayato/Documents/GitHub/OpenDolphin_WebClient/web-client/src/features/charts/__tests__/DocumentTimeline.recovery-order.test.tsx
   64:65  warning  Unexpected any. Specify a different type  @typescript-eslint/no-explicit-any
  264:16  warning  Unexpected any. Specify a different type  @typescript-eslint/no-explicit-any

/Users/Hayato/Documents/GitHub/OpenDolphin_WebClient/web-client/src/features/charts/__tests__/OrcaSummary.recovery-order.test.tsx
  79:58  warning  Unexpected any. Specify a different type  @typescript-eslint/no-explicit-any

/Users/Hayato/Documents/GitHub/OpenDolphin_WebClient/web-client/src/features/charts/__tests__/OrcaSummary.semantics.test.tsx
   89:44  warning  Unexpected any. Specify a different type  @typescript-eslint/no-explicit-any
   95:12  warning  Unexpected any. Specify a different type  @typescript-eslint/no-explicit-any
  125:46  warning  Unexpected any. Specify a different type  @typescript-eslint/no-explicit-any
  131:14  warning  Unexpected any. Specify a different type  @typescript-eslint/no-explicit-any
  249:46  warning  Unexpected any. Specify a different type  @typescript-eslint/no-explicit-any
  255:14  warning  Unexpected any. Specify a different type  @typescript-eslint/no-explicit-any
  317:46  warning  Unexpected any. Specify a different type  @typescript-eslint/no-explicit-any
  323:14  warning  Unexpected any. Specify a different type  @typescript-eslint/no-explicit-any

/Users/Hayato/Documents/GitHub/OpenDolphin_WebClient/web-client/src/features/charts/__tests__/PastHubPanel.test.tsx
  94:10  warning  Unexpected any. Specify a different type  @typescript-eslint/no-explicit-any

/Users/Hayato/Documents/GitHub/OpenDolphin_WebClient/web-client/src/features/charts/__tests__/PatientInfoEditDialog.test.tsx
  12:30  warning  Unexpected any. Specify a different type  @typescript-eslint/no-explicit-any
  12:46  warning  Unexpected any. Specify a different type  @typescript-eslint/no-explicit-any
  13:24  warning  Unexpected any. Specify a different type  @typescript-eslint/no-explicit-any
  13:40  warning  Unexpected any. Specify a different type  @typescript-eslint/no-explicit-any
  16:32  warning  Unexpected any. Specify a different type  @typescript-eslint/no-explicit-any

/Users/Hayato/Documents/GitHub/OpenDolphin_WebClient/web-client/src/features/charts/__tests__/auditTelemetryRunId.test.ts
  102:23  warning  Unexpected any. Specify a different type  @typescript-eslint/no-explicit-any
  103:23  warning  Unexpected any. Specify a different type  @typescript-eslint/no-explicit-any

/Users/Hayato/Documents/GitHub/OpenDolphin_WebClient/web-client/src/features/charts/__tests__/chartsActionBar.orca-send.test.tsx
  159:16  warning  Unexpected any. Specify a different type  @typescript-eslint/no-explicit-any
  185:14  warning  Unexpected any. Specify a different type  @typescript-eslint/no-explicit-any
  196:81  warning  Unexpected any. Specify a different type  @typescript-eslint/no-explicit-any
  202:10  warning  Unexpected any. Specify a different type  @typescript-eslint/no-explicit-any
  235:16  warning  Unexpected any. Specify a different type  @typescript-eslint/no-explicit-any
  873:10  warning  Unexpected any. Specify a different type  @typescript-eslint/no-explicit-any

/Users/Hayato/Documents/GitHub/OpenDolphin_WebClient/web-client/src/features/charts/__tests__/chartsActionBar.test.tsx
  117:16   warning  Unexpected any. Specify a different type  @typescript-eslint/no-explicit-any
  168:16   warning  Unexpected any. Specify a different type  @typescript-eslint/no-explicit-any
  214:98   warning  Unexpected any. Specify a different type  @typescript-eslint/no-explicit-any
  243:99   warning  Unexpected any. Specify a different type  @typescript-eslint/no-explicit-any
  278:16   warning  Unexpected any. Specify a different type  @typescript-eslint/no-explicit-any
  299:99   warning  Unexpected any. Specify a different type  @typescript-eslint/no-explicit-any
  330:93   warning  Unexpected any. Specify a different type  @typescript-eslint/no-explicit-any
  354:93   warning  Unexpected any. Specify a different type  @typescript-eslint/no-explicit-any
  379:92   warning  Unexpected any. Specify a different type  @typescript-eslint/no-explicit-any
  403:113  warning  Unexpected any. Specify a different type  @typescript-eslint/no-explicit-any
  423:101  warning  Unexpected any. Specify a different type  @typescript-eslint/no-explicit-any
  441:101  warning  Unexpected any. Specify a different type  @typescript-eslint/no-explicit-any
  459:101  warning  Unexpected any. Specify a different type  @typescript-eslint/no-explicit-any
  476:98   warning  Unexpected any. Specify a different type  @typescript-eslint/no-explicit-any
  497:116  warning  Unexpected any. Specify a different type  @typescript-eslint/no-explicit-any

/Users/Hayato/Documents/GitHub/OpenDolphin_WebClient/web-client/src/features/charts/__tests__/chartsMasterSourceCache.test.tsx
  194:48  warning  Unexpected any. Specify a different type  @typescript-eslint/no-explicit-any

/Users/Hayato/Documents/GitHub/OpenDolphin_WebClient/web-client/src/features/charts/__tests__/chartsOrcaRecoveryAlert.test.tsx
  158:48  warning  Unexpected any. Specify a different type  @typescript-eslint/no-explicit-any

/Users/Hayato/Documents/GitHub/OpenDolphin_WebClient/web-client/src/features/charts/__tests__/chartsOrderDockCoexistence.recovery-order.test.tsx
  146:48   warning  Unexpected any. Specify a different type                                                                                @typescript-eslint/no-explicit-any
  176:67   warning  Unexpected any. Specify a different type                                                                                @typescript-eslint/no-explicit-any
  194:7    warning  React Hook useImperativeHandle has a missing dependency: 'runFinish'. Either include it or remove the dependency array  react-hooks/exhaustive-deps
  208:69   warning  Unexpected any. Specify a different type                                                                                @typescript-eslint/no-explicit-any
  227:120  warning  Unexpected any. Specify a different type                                                                                @typescript-eslint/no-explicit-any

/Users/Hayato/Documents/GitHub/OpenDolphin_WebClient/web-client/src/features/charts/__tests__/chartsPageDirtyDot.test.tsx
  254:48   warning  Unexpected any. Specify a different type                                                                                                              @typescript-eslint/no-explicit-any
  269:109  warning  Unexpected any. Specify a different type                                                                                                              @typescript-eslint/no-explicit-any
  293:7    warning  React Hook useImperativeHandle has missing dependencies: 'runFinish', 'runPause', and 'runStart'. Either include them or remove the dependency array  react-hooks/exhaustive-deps
  335:80   warning  Unexpected any. Specify a different type                                                                                                              @typescript-eslint/no-explicit-any
  369:96   warning  Unexpected any. Specify a different type                                                                                                              @typescript-eslint/no-explicit-any

/Users/Hayato/Documents/GitHub/OpenDolphin_WebClient/web-client/src/features/charts/__tests__/chartsPrintAudit.test.ts
  29:43  warning  Unexpected any. Specify a different type  @typescript-eslint/no-explicit-any
  60:43  warning  Unexpected any. Specify a different type  @typescript-eslint/no-explicit-any

/Users/Hayato/Documents/GitHub/OpenDolphin_WebClient/web-client/src/features/charts/__tests__/orderBundleApi.test.ts
   71:34   warning  Unexpected any. Specify a different type  @typescript-eslint/no-explicit-any
   77:34   warning  Unexpected any. Specify a different type  @typescript-eslint/no-explicit-any
   78:34   warning  Unexpected any. Specify a different type  @typescript-eslint/no-explicit-any
   79:34   warning  Unexpected any. Specify a different type  @typescript-eslint/no-explicit-any
   80:34   warning  Unexpected any. Specify a different type  @typescript-eslint/no-explicit-any
  146:14   warning  Unexpected any. Specify a different type  @typescript-eslint/no-explicit-any
  151:107  warning  Unexpected any. Specify a different type  @typescript-eslint/no-explicit-any
  190:14   warning  Unexpected any. Specify a different type  @typescript-eslint/no-explicit-any
  195:107  warning  Unexpected any. Specify a different type  @typescript-eslint/no-explicit-any
  227:14   warning  Unexpected any. Specify a different type  @typescript-eslint/no-explicit-any
  232:107  warning  Unexpected any. Specify a different type  @typescript-eslint/no-explicit-any
  263:14   warning  Unexpected any. Specify a different type  @typescript-eslint/no-explicit-any
  324:14   warning  Unexpected any. Specify a different type  @typescript-eslint/no-explicit-any
  360:14   warning  Unexpected any. Specify a different type  @typescript-eslint/no-explicit-any
  365:107  warning  Unexpected any. Specify a different type  @typescript-eslint/no-explicit-any
  424:34   warning  Unexpected any. Specify a different type  @typescript-eslint/no-explicit-any
  524:14   warning  Unexpected any. Specify a different type  @typescript-eslint/no-explicit-any
  529:107  warning  Unexpected any. Specify a different type  @typescript-eslint/no-explicit-any
  644:14   warning  Unexpected any. Specify a different type  @typescript-eslint/no-explicit-any
  649:107  warning  Unexpected any. Specify a different type  @typescript-eslint/no-explicit-any
  726:14   warning  Unexpected any. Specify a different type  @typescript-eslint/no-explicit-any
  731:107  warning  Unexpected any. Specify a different type  @typescript-eslint/no-explicit-any

/Users/Hayato/Documents/GitHub/OpenDolphin_WebClient/web-client/src/features/charts/__tests__/orderBundleAudit.test.tsx
  85:52  warning  Unexpected any. Specify a different type  @typescript-eslint/no-explicit-any
  92:50  warning  Unexpected any. Specify a different type  @typescript-eslint/no-explicit-any
  95:46  warning  Unexpected any. Specify a different type  @typescript-eslint/no-explicit-any

/Users/Hayato/Documents/GitHub/OpenDolphin_WebClient/web-client/src/features/charts/__tests__/orderBundleBodyPart.test.tsx
  211:14  warning  Unexpected any. Specify a different type  @typescript-eslint/no-explicit-any
  241:14  warning  Unexpected any. Specify a different type  @typescript-eslint/no-explicit-any
  270:14  warning  Unexpected any. Specify a different type  @typescript-eslint/no-explicit-any

/Users/Hayato/Documents/GitHub/OpenDolphin_WebClient/web-client/src/features/charts/__tests__/orderBundleOrcaSupport.test.tsx
  246:31  warning  Unexpected any. Specify a different type  @typescript-eslint/no-explicit-any
  251:12  warning  Unexpected any. Specify a different type  @typescript-eslint/no-explicit-any
  389:14  warning  Unexpected any. Specify a different type  @typescript-eslint/no-explicit-any
  391:56  warning  Unexpected any. Specify a different type  @typescript-eslint/no-explicit-any
  897:14  warning  Unexpected any. Specify a different type  @typescript-eslint/no-explicit-any
  912:14  warning  Unexpected any. Specify a different type  @typescript-eslint/no-explicit-any
  914:56  warning  Unexpected any. Specify a different type  @typescript-eslint/no-explicit-any
  968:14  warning  Unexpected any. Specify a different type  @typescript-eslint/no-explicit-any
  983:14  warning  Unexpected any. Specify a different type  @typescript-eslint/no-explicit-any
  985:56  warning  Unexpected any. Specify a different type  @typescript-eslint/no-explicit-any

/Users/Hayato/Documents/GitHub/OpenDolphin_WebClient/web-client/src/features/charts/__tests__/orderDetailDisplayViewModel.test.ts
   18:54  warning  Unexpected any. Specify a different type  @typescript-eslint/no-explicit-any
   31:37  warning  Unexpected any. Specify a different type  @typescript-eslint/no-explicit-any
   38:37  warning  Unexpected any. Specify a different type  @typescript-eslint/no-explicit-any
   45:17  warning  Unexpected any. Specify a different type  @typescript-eslint/no-explicit-any
   65:17  warning  Unexpected any. Specify a different type  @typescript-eslint/no-explicit-any
   89:54  warning  Unexpected any. Specify a different type  @typescript-eslint/no-explicit-any
  154:14  warning  Unexpected any. Specify a different type  @typescript-eslint/no-explicit-any
  163:14  warning  Unexpected any. Specify a different type  @typescript-eslint/no-explicit-any
  225:18  warning  Unexpected any. Specify a different type  @typescript-eslint/no-explicit-any
  272:14  warning  Unexpected any. Specify a different type  @typescript-eslint/no-explicit-any

/Users/Hayato/Documents/GitHub/OpenDolphin_WebClient/web-client/src/features/charts/__tests__/orderDetailFormatters.test.ts
  16:54  warning  Unexpected any. Specify a different type  @typescript-eslint/no-explicit-any

/Users/Hayato/Documents/GitHub/OpenDolphin_WebClient/web-client/src/features/charts/__tests__/orderDockPanel.categoryButtons.test.tsx
   39:16  warning  Unexpected any. Specify a different type  @typescript-eslint/no-explicit-any
  115:16  warning  Unexpected any. Specify a different type  @typescript-eslint/no-explicit-any
  121:16  warning  Unexpected any. Specify a different type  @typescript-eslint/no-explicit-any
  127:16  warning  Unexpected any. Specify a different type  @typescript-eslint/no-explicit-any
  185:16  warning  Unexpected any. Specify a different type  @typescript-eslint/no-explicit-any
  229:16  warning  Unexpected any. Specify a different type  @typescript-eslint/no-explicit-any
  306:16  warning  Unexpected any. Specify a different type  @typescript-eslint/no-explicit-any

/Users/Hayato/Documents/GitHub/OpenDolphin_WebClient/web-client/src/features/charts/__tests__/orderDockPanel.state-compat-and-rp-regression.test.tsx
   14:46  warning  Unexpected any. Specify a different type  @typescript-eslint/no-explicit-any
   63:9   warning  Unexpected any. Specify a different type  @typescript-eslint/no-explicit-any
   74:6   warning  Unexpected any. Specify a different type  @typescript-eslint/no-explicit-any
   85:6   warning  Unexpected any. Specify a different type  @typescript-eslint/no-explicit-any
  231:16  warning  Unexpected any. Specify a different type  @typescript-eslint/no-explicit-any

/Users/Hayato/Documents/GitHub/OpenDolphin_WebClient/web-client/src/features/charts/__tests__/orderLocalPersistenceMatrix.test.ts
  308:107  warning  Unexpected any. Specify a different type  @typescript-eslint/no-explicit-any
  332:107  warning  Unexpected any. Specify a different type  @typescript-eslint/no-explicit-any

/Users/Hayato/Documents/GitHub/OpenDolphin_WebClient/web-client/src/features/charts/__tests__/orderRpNormalization.test.ts
   52:12  warning  Unexpected any. Specify a different type  @typescript-eslint/no-explicit-any
   72:12  warning  Unexpected any. Specify a different type  @typescript-eslint/no-explicit-any
   95:12  warning  Unexpected any. Specify a different type  @typescript-eslint/no-explicit-any
  115:10  warning  Unexpected any. Specify a different type  @typescript-eslint/no-explicit-any
  156:12  warning  Unexpected any. Specify a different type  @typescript-eslint/no-explicit-any
  176:12  warning  Unexpected any. Specify a different type  @typescript-eslint/no-explicit-any
  198:12  warning  Unexpected any. Specify a different type  @typescript-eslint/no-explicit-any
  220:12  warning  Unexpected any. Specify a different type  @typescript-eslint/no-explicit-any
  235:12  warning  Unexpected any. Specify a different type  @typescript-eslint/no-explicit-any
  256:12  warning  Unexpected any. Specify a different type  @typescript-eslint/no-explicit-any
  279:10  warning  Unexpected any. Specify a different type  @typescript-eslint/no-explicit-any
  298:10  warning  Unexpected any. Specify a different type  @typescript-eslint/no-explicit-any
  314:10  warning  Unexpected any. Specify a different type  @typescript-eslint/no-explicit-any
  335:10  warning  Unexpected any. Specify a different type  @typescript-eslint/no-explicit-any
  363:10  warning  Unexpected any. Specify a different type  @typescript-eslint/no-explicit-any
  390:10  warning  Unexpected any. Specify a different type  @typescript-eslint/no-explicit-any
  436:10  warning  Unexpected any. Specify a different type  @typescript-eslint/no-explicit-any
  519:12  warning  Unexpected any. Specify a different type  @typescript-eslint/no-explicit-any
  545:12  warning  Unexpected any. Specify a different type  @typescript-eslint/no-explicit-any
  568:12  warning  Unexpected any. Specify a different type  @typescript-eslint/no-explicit-any
  605:10  warning  Unexpected any. Specify a different type  @typescript-eslint/no-explicit-any

/Users/Hayato/Documents/GitHub/OpenDolphin_WebClient/web-client/src/features/charts/__tests__/orderSendSmoke.test.ts
   143:44   warning  Unexpected any. Specify a different type  @typescript-eslint/no-explicit-any
   192:78   warning  Unexpected any. Specify a different type  @typescript-eslint/no-explicit-any
   340:78   warning  Unexpected any. Specify a different type  @typescript-eslint/no-explicit-any
   585:78   warning  Unexpected any. Specify a different type  @typescript-eslint/no-explicit-any
   692:14   warning  Unexpected any. Specify a different type  @typescript-eslint/no-explicit-any
   745:78   warning  Unexpected any. Specify a different type  @typescript-eslint/no-explicit-any
   797:10   warning  Unexpected any. Specify a different type  @typescript-eslint/no-explicit-any
   978:44   warning  Unexpected any. Specify a different type  @typescript-eslint/no-explicit-any
  1152:86   warning  Unexpected any. Specify a different type  @typescript-eslint/no-explicit-any
  1154:54   warning  Unexpected any. Specify a different type  @typescript-eslint/no-explicit-any
  1228:78   warning  Unexpected any. Specify a different type  @typescript-eslint/no-explicit-any
  1229:63   warning  Unexpected any. Specify a different type  @typescript-eslint/no-explicit-any
  1390:125  warning  Unexpected any. Specify a different type  @typescript-eslint/no-explicit-any

/Users/Hayato/Documents/GitHub/OpenDolphin_WebClient/web-client/src/features/charts/__tests__/patientsTabFilterAndConfirm.test.tsx
  69:111  warning  Unexpected any. Specify a different type  @typescript-eslint/no-explicit-any

/Users/Hayato/Documents/GitHub/OpenDolphin_WebClient/web-client/src/features/charts/__tests__/prescriptionOrderApi.test.ts
  128:107  warning  Unexpected any. Specify a different type  @typescript-eslint/no-explicit-any
  131:45   warning  Unexpected any. Specify a different type  @typescript-eslint/no-explicit-any
  132:45   warning  Unexpected any. Specify a different type  @typescript-eslint/no-explicit-any
  135:45   warning  Unexpected any. Specify a different type  @typescript-eslint/no-explicit-any
  268:122  warning  Unexpected any. Specify a different type  @typescript-eslint/no-explicit-any
  389:122  warning  Unexpected any. Specify a different type  @typescript-eslint/no-explicit-any
  550:119  warning  Unexpected any. Specify a different type  @typescript-eslint/no-explicit-any
  688:78   warning  Unexpected any. Specify a different type  @typescript-eslint/no-explicit-any
  952:78   warning  Unexpected any. Specify a different type  @typescript-eslint/no-explicit-any

/Users/Hayato/Documents/GitHub/OpenDolphin_WebClient/web-client/src/features/charts/__tests__/prescriptionOrderEditorPanel.local-only.test.tsx
  62:39  warning  Unexpected any. Specify a different type  @typescript-eslint/no-explicit-any

/Users/Hayato/Documents/GitHub/OpenDolphin_WebClient/web-client/src/features/charts/__tests__/prescriptionOrderEditorPanel.orca-support.test.tsx
   68:52  warning  Unexpected any. Specify a different type  @typescript-eslint/no-explicit-any
   68:69  warning  Unexpected any. Specify a different type  @typescript-eslint/no-explicit-any
  334:10  warning  Unexpected any. Specify a different type  @typescript-eslint/no-explicit-any

/Users/Hayato/Documents/GitHub/OpenDolphin_WebClient/web-client/src/features/charts/__tests__/prescriptionOrderLocalRoundtripBoundary.test.ts
  196:111  warning  Unexpected any. Specify a different type  @typescript-eslint/no-explicit-any

/Users/Hayato/Documents/GitHub/OpenDolphin_WebClient/web-client/src/features/charts/__tests__/prescriptionOrderOrcaSupport.test.tsx
  99:43  warning  Unexpected any. Specify a different type  @typescript-eslint/no-explicit-any

/Users/Hayato/Documents/GitHub/OpenDolphin_WebClient/web-client/src/features/charts/__tests__/soapNoteAudit.test.tsx
  77:68  warning  Unexpected any. Specify a different type  @typescript-eslint/no-explicit-any
  78:64  warning  Unexpected any. Specify a different type  @typescript-eslint/no-explicit-any
  81:56  warning  Unexpected any. Specify a different type  @typescript-eslint/no-explicit-any
  89:48  warning  Unexpected any. Specify a different type  @typescript-eslint/no-explicit-any
  95:47  warning  Unexpected any. Specify a different type  @typescript-eslint/no-explicit-any

/Users/Hayato/Documents/GitHub/OpenDolphin_WebClient/web-client/src/features/charts/__tests__/soapNoteRightDockDrawer.test.tsx
  434:16  warning  Unexpected any. Specify a different type  @typescript-eslint/no-explicit-any

/Users/Hayato/Documents/GitHub/OpenDolphin_WebClient/web-client/src/features/charts/authService.tsx
   87:14  warning  Fast refresh only works when a file only exports components. Use a new file to share constants or functions between components  react-refresh/only-export-components
  110:14  warning  Fast refresh only works when a file only exports components. Use a new file to share constants or functions between components  react-refresh/only-export-components
  240:6   warning  React Hook useEffect has a missing dependency: 'flags'. Either include it or remove the dependency array                        react-hooks/exhaustive-deps

/Users/Hayato/Documents/GitHub/OpenDolphin_WebClient/web-client/src/features/charts/orderBundleApi.600-subtype.test.ts
  91:107  warning  Unexpected any. Specify a different type  @typescript-eslint/no-explicit-any

/Users/Hayato/Documents/GitHub/OpenDolphin_WebClient/web-client/src/features/charts/orderSend600SubtypeSmoke.test.ts
  324:78  warning  Unexpected any. Specify a different type  @typescript-eslint/no-explicit-any
  356:10  warning  Unexpected any. Specify a different type  @typescript-eslint/no-explicit-any
  448:50  warning  Unexpected any. Specify a different type  @typescript-eslint/no-explicit-any
  449:14  warning  Unexpected any. Specify a different type  @typescript-eslint/no-explicit-any

/Users/Hayato/Documents/GitHub/OpenDolphin_WebClient/web-client/src/features/charts/pages/ChartsDocumentPrintPage.tsx
   89:60  warning  React Hook useMemo has unnecessary dependencies: 'session.facilityId' and 'session.userId'. Either exclude them or remove the dependency array                                                             react-hooks/exhaustive-deps
  201:6   warning  React Hook useEffect has a missing dependency: 'storeOutputResult'. Either include it or remove the dependency array                                                                                       react-hooks/exhaustive-deps
  380:9   warning  The 'handleRequestOutput' function makes the dependencies of useEffect Hook (at line 418) change on every render. To fix this, wrap the definition of 'handleRequestOutput' in its own useCallback() Hook  react-hooks/exhaustive-deps

/Users/Hayato/Documents/GitHub/OpenDolphin_WebClient/web-client/src/features/charts/pages/ChartsOutpatientPrintPage.tsx
  82:60  warning  React Hook useMemo has unnecessary dependencies: 'session.facilityId' and 'session.userId'. Either exclude them or remove the dependency array  react-hooks/exhaustive-deps

/Users/Hayato/Documents/GitHub/OpenDolphin_WebClient/web-client/src/features/charts/pages/ChartsPage.tsx
   646:6   warning  React Hook useEffect has a missing dependency: 'encounterContext'. Either include it or remove the dependency array                                                                                                       react-hooks/exhaustive-deps
  1555:6   warning  React Hook useEffect has missing dependencies: 'flags.cacheHit', 'flags.dataSourceTransition', 'flags.fallbackUsed', 'flags.missingMaster', and 'receptionCarryover'. Either include them or remove the dependency array  react-hooks/exhaustive-deps
  1874:6   warning  React Hook useMemo has missing dependencies: 'claimQuery.data', 'flags', and 'medicalSummaryQuery.data'. Either include them or remove the dependency array                                                               react-hooks/exhaustive-deps
  2129:6   warning  React Hook useEffect has a missing dependency: 'mergedFlags'. Either include it or remove the dependency array                                                                                                            react-hooks/exhaustive-deps
  2146:9   warning  The 'appointmentPages' logical expression could make the dependencies of useMemo Hook (at line 2149) change on every render. To fix this, wrap the initialization of 'appointmentPages' in its own useMemo() Hook         react-hooks/exhaustive-deps
  2146:9   warning  The 'appointmentPages' logical expression could make the dependencies of useMemo Hook (at line 3102) change on every render. To fix this, wrap the initialization of 'appointmentPages' in its own useMemo() Hook         react-hooks/exhaustive-deps
  2437:5   warning  React Hook useCallback has an unnecessary dependency: 'today'. Either exclude it or remove the dependency array                                                                                                           react-hooks/exhaustive-deps
  2573:6   warning  React Hook useMemo has an unnecessary dependency: 'selectedEntry.visitDate'. Either exclude it or remove the dependency array                                                                                             react-hooks/exhaustive-deps
  3038:6   warning  React Hook useEffect has a missing dependency: 'tabLock.status'. Either include it or remove the dependency array                                                                                                         react-hooks/exhaustive-deps
  3798:33  warning  Unexpected any. Specify a different type                                                                                                                                                                                  @typescript-eslint/no-explicit-any
  3869:43  warning  Unexpected any. Specify a different type                                                                                                                                                                                  @typescript-eslint/no-explicit-any

/Users/Hayato/Documents/GitHub/OpenDolphin_WebClient/web-client/src/features/charts/print/__tests__/useOrcaReportPrint.test.tsx
  111:19  warning  Unexpected any. Specify a different type  @typescript-eslint/no-explicit-any
  113:64  warning  Unexpected any. Specify a different type  @typescript-eslint/no-explicit-any
  154:19  warning  Unexpected any. Specify a different type  @typescript-eslint/no-explicit-any
  156:64  warning  Unexpected any. Specify a different type  @typescript-eslint/no-explicit-any

/Users/Hayato/Documents/GitHub/OpenDolphin_WebClient/web-client/src/features/charts/revisions/RevisionHistoryDrawer.tsx
  68:6  warning  React Hook useEffect has a missing dependency: 'meta'. Either include it or remove the dependency array  react-hooks/exhaustive-deps

/Users/Hayato/Documents/GitHub/OpenDolphin_WebClient/web-client/src/features/charts/revisions/revisionHistoryApi.ts
  38:30  warning  Unexpected any. Specify a different type  @typescript-eslint/no-explicit-any
  83:49  warning  Unexpected any. Specify a different type  @typescript-eslint/no-explicit-any

/Users/Hayato/Documents/GitHub/OpenDolphin_WebClient/web-client/src/features/charts/revisions/revisionWriteApi.ts
   53:41  warning  Unexpected any. Specify a different type  @typescript-eslint/no-explicit-any
   76:41  warning  Unexpected any. Specify a different type  @typescript-eslint/no-explicit-any
   79:18  warning  Unexpected any. Specify a different type  @typescript-eslint/no-explicit-any
   85:23  warning  Unexpected any. Specify a different type  @typescript-eslint/no-explicit-any
  130:84  warning  Unexpected any. Specify a different type  @typescript-eslint/no-explicit-any
  130:98  warning  Unexpected any. Specify a different type  @typescript-eslint/no-explicit-any

/Users/Hayato/Documents/GitHub/OpenDolphin_WebClient/web-client/src/features/images/components/ImageCameraCapture.tsx
  147:6  warning  React Hook useCallback has a missing dependency: 'onCameraError'. Either include it or remove the dependency array. If 'onCameraError' changes too often, find the parent component that defines it and wrap that definition in useCallback  react-hooks/exhaustive-deps

/Users/Hayato/Documents/GitHub/OpenDolphin_WebClient/web-client/src/features/images/pages/MobileImagesUploadPage.tsx
  231:5  warning  React Hook useMemo has an unnecessary dependency: 'location.search'. Either exclude it or remove the dependency array  react-hooks/exhaustive-deps

/Users/Hayato/Documents/GitHub/OpenDolphin_WebClient/web-client/src/features/images/pages/__tests__/MobileImagesUploadPage.deeplink.test.tsx
  104:10  warning  Unexpected any. Specify a different type  @typescript-eslint/no-explicit-any
  154:10  warning  Unexpected any. Specify a different type  @typescript-eslint/no-explicit-any
  185:10  warning  Unexpected any. Specify a different type  @typescript-eslint/no-explicit-any
  215:10  warning  Unexpected any. Specify a different type  @typescript-eslint/no-explicit-any
  255:12  warning  Unexpected any. Specify a different type  @typescript-eslint/no-explicit-any
  274:12  warning  Unexpected any. Specify a different type  @typescript-eslint/no-explicit-any
  278:10  warning  Unexpected any. Specify a different type  @typescript-eslint/no-explicit-any

/Users/Hayato/Documents/GitHub/OpenDolphin_WebClient/web-client/src/features/login/FacilityLoginResolver.tsx
  115:6  warning  React Hook useEffect has a missing dependency: 'forwardSearch'. Either include it or remove the dependency array  react-hooks/exhaustive-deps

/Users/Hayato/Documents/GitHub/OpenDolphin_WebClient/web-client/src/features/login/__tests__/loginRedirect.test.ts
  24:10  warning  Unexpected any. Specify a different type  @typescript-eslint/no-explicit-any

/Users/Hayato/Documents/GitHub/OpenDolphin_WebClient/web-client/src/features/outpatient/orcaPatientImportApi.ts
  13:13  warning  Unexpected any. Specify a different type  @typescript-eslint/no-explicit-any

/Users/Hayato/Documents/GitHub/OpenDolphin_WebClient/web-client/src/features/outpatient/transformers.ts
   95:33  warning  Unexpected any. Specify a different type  @typescript-eslint/no-explicit-any
  102:33  warning  Unexpected any. Specify a different type  @typescript-eslint/no-explicit-any
  109:34  warning  Unexpected any. Specify a different type  @typescript-eslint/no-explicit-any
  137:32  warning  Unexpected any. Specify a different type  @typescript-eslint/no-explicit-any
  137:38  warning  Unexpected any. Specify a different type  @typescript-eslint/no-explicit-any
  146:36  warning  Unexpected any. Specify a different type  @typescript-eslint/no-explicit-any
  146:42  warning  Unexpected any. Specify a different type  @typescript-eslint/no-explicit-any
  159:30  warning  Unexpected any. Specify a different type  @typescript-eslint/no-explicit-any
  170:30  warning  Unexpected any. Specify a different type  @typescript-eslint/no-explicit-any
  210:41  warning  Unexpected any. Specify a different type  @typescript-eslint/no-explicit-any
  211:18  warning  Unexpected any. Specify a different type  @typescript-eslint/no-explicit-any
  229:47  warning  Unexpected any. Specify a different type  @typescript-eslint/no-explicit-any
  232:16  warning  Unexpected any. Specify a different type  @typescript-eslint/no-explicit-any
  262:23  warning  Unexpected any. Specify a different type  @typescript-eslint/no-explicit-any
  296:17  warning  Unexpected any. Specify a different type  @typescript-eslint/no-explicit-any

/Users/Hayato/Documents/GitHub/OpenDolphin_WebClient/web-client/src/features/patients/PatientsPage.tsx
   464:6  warning  React Hook useCallback has a missing dependency: 'appNav'. Either include it or remove the dependency array                                                                                          react-hooks/exhaustive-deps
   467:5  warning  React Hook useMemo has unnecessary dependencies: 'location.pathname' and 'location.search'. Either exclude them or remove the dependency array                                                       react-hooks/exhaustive-deps
   836:9  warning  The 'patients' logical expression could make the dependencies of useMemo Hook (at line 1063) change on every render. To fix this, wrap the initialization of 'patients' in its own useMemo() Hook    react-hooks/exhaustive-deps
   836:9  warning  The 'patients' logical expression could make the dependencies of useMemo Hook (at line 1106) change on every render. To fix this, wrap the initialization of 'patients' in its own useMemo() Hook    react-hooks/exhaustive-deps
   836:9  warning  The 'patients' logical expression could make the dependencies of useEffect Hook (at line 1152) change on every render. To fix this, wrap the initialization of 'patients' in its own useMemo() Hook  react-hooks/exhaustive-deps
   836:9  warning  The 'patients' logical expression could make the dependencies of useEffect Hook (at line 1190) change on every render. To fix this, wrap the initialization of 'patients' in its own useMemo() Hook  react-hooks/exhaustive-deps
   890:6  warning  React Hook useMemo has unnecessary dependencies: 'appliedFilters.department', 'appliedFilters.paymentMode', and 'appliedFilters.physician'. Either exclude them or remove the dependency array       react-hooks/exhaustive-deps
  1709:5  warning  React Hook useCallback has unnecessary dependencies: 'resolvedFallbackUsed' and 'resolvedMissingMaster'. Either exclude them or remove the dependency array                                          react-hooks/exhaustive-deps

/Users/Hayato/Documents/GitHub/OpenDolphin_WebClient/web-client/src/features/patients/__tests__/PatientsPage.test.tsx
   11:34  warning  Unexpected any. Specify a different type  @typescript-eslint/no-explicit-any
   40:25  warning  Unexpected any. Specify a different type  @typescript-eslint/no-explicit-any
   41:24  warning  Unexpected any. Specify a different type  @typescript-eslint/no-explicit-any
   44:24  warning  Unexpected any. Specify a different type  @typescript-eslint/no-explicit-any
   72:34  warning  Unexpected any. Specify a different type  @typescript-eslint/no-explicit-any
   72:49  warning  Unexpected any. Specify a different type  @typescript-eslint/no-explicit-any
   85:19  warning  Unexpected any. Specify a different type  @typescript-eslint/no-explicit-any
   91:28  warning  Unexpected any. Specify a different type  @typescript-eslint/no-explicit-any
  108:48  warning  Unexpected any. Specify a different type  @typescript-eslint/no-explicit-any
  108:80  warning  Unexpected any. Specify a different type  @typescript-eslint/no-explicit-any
  109:32  warning  Unexpected any. Specify a different type  @typescript-eslint/no-explicit-any
  117:31  warning  Unexpected any. Specify a different type  @typescript-eslint/no-explicit-any
  120:43  warning  Unexpected any. Specify a different type  @typescript-eslint/no-explicit-any
  128:31  warning  Unexpected any. Specify a different type  @typescript-eslint/no-explicit-any
  145:46  warning  Unexpected any. Specify a different type  @typescript-eslint/no-explicit-any
  173:55  warning  Unexpected any. Specify a different type  @typescript-eslint/no-explicit-any

/Users/Hayato/Documents/GitHub/OpenDolphin_WebClient/web-client/src/features/patients/api.ts
  194:31  warning  Unexpected any. Specify a different type  @typescript-eslint/no-explicit-any
  208:35  warning  Unexpected any. Specify a different type  @typescript-eslint/no-explicit-any
  341:65  warning  Unexpected any. Specify a different type  @typescript-eslint/no-explicit-any
  448:69  warning  Unexpected any. Specify a different type  @typescript-eslint/no-explicit-any

/Users/Hayato/Documents/GitHub/OpenDolphin_WebClient/web-client/src/features/reception/__tests__/ReceptionPage.recovery-order.test.tsx
  57:34  warning  Unexpected any. Specify a different type  @typescript-eslint/no-explicit-any
  57:49  warning  Unexpected any. Specify a different type  @typescript-eslint/no-explicit-any

/Users/Hayato/Documents/GitHub/OpenDolphin_WebClient/web-client/src/features/reception/__tests__/ReceptionPage.test.tsx
   36:25  warning  Unexpected any. Specify a different type  @typescript-eslint/no-explicit-any
   37:24  warning  Unexpected any. Specify a different type  @typescript-eslint/no-explicit-any
   85:34  warning  Unexpected any. Specify a different type  @typescript-eslint/no-explicit-any
   85:49  warning  Unexpected any. Specify a different type  @typescript-eslint/no-explicit-any
  213:67  warning  Unexpected any. Specify a different type  @typescript-eslint/no-explicit-any
  336:24  warning  Unexpected any. Specify a different type  @typescript-eslint/no-explicit-any
  336:40  warning  Unexpected any. Specify a different type  @typescript-eslint/no-explicit-any
  337:43  warning  Unexpected any. Specify a different type  @typescript-eslint/no-explicit-any
  354:47  warning  Unexpected any. Specify a different type  @typescript-eslint/no-explicit-any

/Users/Hayato/Documents/GitHub/OpenDolphin_WebClient/web-client/src/features/reception/api.ts
  236:52   warning  Unexpected any. Specify a different type  @typescript-eslint/no-explicit-any
  236:93   warning  Unexpected any. Specify a different type  @typescript-eslint/no-explicit-any
  237:59   warning  Unexpected any. Specify a different type  @typescript-eslint/no-explicit-any
  237:107  warning  Unexpected any. Specify a different type  @typescript-eslint/no-explicit-any
  238:47   warning  Unexpected any. Specify a different type  @typescript-eslint/no-explicit-any
  239:29   warning  Unexpected any. Specify a different type  @typescript-eslint/no-explicit-any
  240:49   warning  Unexpected any. Specify a different type  @typescript-eslint/no-explicit-any
  241:37   warning  Unexpected any. Specify a different type  @typescript-eslint/no-explicit-any
  267:34   warning  Unexpected any. Specify a different type  @typescript-eslint/no-explicit-any
  268:41   warning  Unexpected any. Specify a different type  @typescript-eslint/no-explicit-any
  366:29   warning  Unexpected any. Specify a different type  @typescript-eslint/no-explicit-any
  366:67   warning  Unexpected any. Specify a different type  @typescript-eslint/no-explicit-any
  367:27   warning  Unexpected any. Specify a different type  @typescript-eslint/no-explicit-any
  367:58   warning  Unexpected any. Specify a different type  @typescript-eslint/no-explicit-any
  371:35   warning  Unexpected any. Specify a different type  @typescript-eslint/no-explicit-any
  466:35   warning  Unexpected any. Specify a different type  @typescript-eslint/no-explicit-any
  466:64   warning  Unexpected any. Specify a different type  @typescript-eslint/no-explicit-any
  466:94   warning  Unexpected any. Specify a different type  @typescript-eslint/no-explicit-any
  467:37   warning  Unexpected any. Specify a different type  @typescript-eslint/no-explicit-any
  467:68   warning  Unexpected any. Specify a different type  @typescript-eslint/no-explicit-any
  467:100  warning  Unexpected any. Specify a different type  @typescript-eslint/no-explicit-any
  468:37   warning  Unexpected any. Specify a different type  @typescript-eslint/no-explicit-any
  468:68   warning  Unexpected any. Specify a different type  @typescript-eslint/no-explicit-any
  468:100  warning  Unexpected any. Specify a different type  @typescript-eslint/no-explicit-any
  469:37   warning  Unexpected any. Specify a different type  @typescript-eslint/no-explicit-any
  469:68   warning  Unexpected any. Specify a different type  @typescript-eslint/no-explicit-any
  469:100  warning  Unexpected any. Specify a different type  @typescript-eslint/no-explicit-any
  471:13   warning  Unexpected any. Specify a different type  @typescript-eslint/no-explicit-any
  471:44   warning  Unexpected any. Specify a different type  @typescript-eslint/no-explicit-any
  471:81   warning  Unexpected any. Specify a different type  @typescript-eslint/no-explicit-any
  472:36   warning  Unexpected any. Specify a different type  @typescript-eslint/no-explicit-any
  472:66   warning  Unexpected any. Specify a different type  @typescript-eslint/no-explicit-any
  472:97   warning  Unexpected any. Specify a different type  @typescript-eslint/no-explicit-any
  474:13   warning  Unexpected any. Specify a different type  @typescript-eslint/no-explicit-any
  474:43   warning  Unexpected any. Specify a different type  @typescript-eslint/no-explicit-any
  474:79   warning  Unexpected any. Specify a different type  @typescript-eslint/no-explicit-any
  475:34   warning  Unexpected any. Specify a different type  @typescript-eslint/no-explicit-any
  475:62   warning  Unexpected any. Specify a different type  @typescript-eslint/no-explicit-any
  475:91   warning  Unexpected any. Specify a different type  @typescript-eslint/no-explicit-any
  476:35   warning  Unexpected any. Specify a different type  @typescript-eslint/no-explicit-any
  476:64   warning  Unexpected any. Specify a different type  @typescript-eslint/no-explicit-any
  476:94   warning  Unexpected any. Specify a different type  @typescript-eslint/no-explicit-any
  484:13   warning  Unexpected any. Specify a different type  @typescript-eslint/no-explicit-any
  484:39   warning  Unexpected any. Specify a different type  @typescript-eslint/no-explicit-any
  484:66   warning  Unexpected any. Specify a different type  @typescript-eslint/no-explicit-any
  484:89   warning  Unexpected any. Specify a different type  @typescript-eslint/no-explicit-any
  487:13   warning  Unexpected any. Specify a different type  @typescript-eslint/no-explicit-any
  488:15   warning  Unexpected any. Specify a different type  @typescript-eslint/no-explicit-any
  489:15   warning  Unexpected any. Specify a different type  @typescript-eslint/no-explicit-any
  490:15   warning  Unexpected any. Specify a different type  @typescript-eslint/no-explicit-any
  515:15   warning  Unexpected any. Specify a different type  @typescript-eslint/no-explicit-any
  516:15   warning  Unexpected any. Specify a different type  @typescript-eslint/no-explicit-any
  517:15   warning  Unexpected any. Specify a different type  @typescript-eslint/no-explicit-any
  519:30   warning  Unexpected any. Specify a different type  @typescript-eslint/no-explicit-any
  519:62   warning  Unexpected any. Specify a different type  @typescript-eslint/no-explicit-any
  519:95   warning  Unexpected any. Specify a different type  @typescript-eslint/no-explicit-any
  520:26   warning  Unexpected any. Specify a different type  @typescript-eslint/no-explicit-any
  520:54   warning  Unexpected any. Specify a different type  @typescript-eslint/no-explicit-any
  520:83   warning  Unexpected any. Specify a different type  @typescript-eslint/no-explicit-any

/Users/Hayato/Documents/GitHub/OpenDolphin_WebClient/web-client/src/features/reception/pages/ReceptionPage.tsx
  1023:9  warning  The 'appointmentQueryKey' array makes the dependencies of useCallback Hook (at line 1375) change on every render. To fix this, wrap the initialization of 'appointmentQueryKey' in its own useMemo() Hook                                              react-hooks/exhaustive-deps
  1530:9  warning  The 'liveAppointmentEntries' logical expression could make the dependencies of useMemo Hook (at line 1550) change on every render. To fix this, wrap the initialization of 'liveAppointmentEntries' in its own useMemo() Hook                          react-hooks/exhaustive-deps
  1530:9  warning  The 'liveAppointmentEntries' logical expression could make the dependencies of useMemo Hook (at line 1571) change on every render. To fix this, wrap the initialization of 'liveAppointmentEntries' in its own useMemo() Hook                          react-hooks/exhaustive-deps
  1605:5  warning  React Hook useMemo has an unnecessary dependency: 'dailyStateRevision'. Either exclude it or remove the dependency array                                                                                                                               react-hooks/exhaustive-deps
  1644:6  warning  React Hook useMemo has a missing dependency: 'effectiveDailyEntriesState.availableDates'. Either include it or remove the dependency array                                                                                                             react-hooks/exhaustive-deps
  1834:9  warning  The 'claimBundles' conditional could make the dependencies of useMemo Hook (at line 1882) change on every render. Move it inside the useMemo callback. Alternatively, wrap the initialization of 'claimBundles' in its own useMemo() Hook              react-hooks/exhaustive-deps
  1835:9  warning  The 'claimQueueEntries' conditional could make the dependencies of useMemo Hook (at line 1863) change on every render. To fix this, wrap the initialization of 'claimQueueEntries' in its own useMemo() Hook                                           react-hooks/exhaustive-deps
  1835:9  warning  The 'claimQueueEntries' conditional could make the dependencies of useMemo Hook (at line 1901) change on every render. To fix this, wrap the initialization of 'claimQueueEntries' in its own useMemo() Hook                                           react-hooks/exhaustive-deps
  1857:5  warning  React Hook useMemo has an unnecessary dependency: 'claimSendCacheUpdatedAt'. Either exclude it or remove the dependency array                                                                                                                          react-hooks/exhaustive-deps
  2302:6  warning  React Hook useMemo has unnecessary dependencies: 'appointmentQuery.data.runId', 'claimQuery.data.runId', 'exceptionItems.length', 'mergedMeta.runId', 'missingMasterNote', and 'selectedEntryKey'. Either exclude them or remove the dependency array  react-hooks/exhaustive-deps
  2955:9  warning  Unused eslint-disable directive (no problems were reported from 'no-console')
  2959:5  warning  React Hook useCallback has missing dependencies: 'claimOutpatientEnabled' and 'resolvedMedicalInformation'. Either include them or remove the dependency array                                                                                         react-hooks/exhaustive-deps
  3089:9  warning  Unused eslint-disable directive (no problems were reported from 'no-console')
  3581:5  warning  React Hook useCallback has an unnecessary dependency: 'tonePayload.dataSourceTransition'. Either exclude it or remove the dependency array                                                                                                             react-hooks/exhaustive-deps

/Users/Hayato/Documents/GitHub/OpenDolphin_WebClient/web-client/src/features/shared/ChartEventStreamBridge.tsx
  106:6  warning  React Hook useEffect has a missing dependency: 'mswEnabled'. Either include it or remove the dependency array  react-hooks/exhaustive-deps

/Users/Hayato/Documents/GitHub/OpenDolphin_WebClient/web-client/src/features/shared/autoRefreshNotice.ts
  32:31  warning  Unexpected any. Specify a different type  @typescript-eslint/no-explicit-any

/Users/Hayato/Documents/GitHub/OpenDolphin_WebClient/web-client/src/libs/admin/useAdminBroadcast.ts
  12:44  warning  React Hook useMemo has a missing dependency: 'scope'. Either include it or remove the dependency array  react-hooks/exhaustive-deps

/Users/Hayato/Documents/GitHub/OpenDolphin_WebClient/web-client/src/libs/telemetry/telemetryClient.ts
  107:16  warning  Unexpected any. Specify a different type  @typescript-eslint/no-explicit-any

/Users/Hayato/Documents/GitHub/OpenDolphin_WebClient/web-client/src/mocks/fixtures/outpatient.ts
  615:14  warning  Unexpected any. Specify a different type  @typescript-eslint/no-explicit-any

/Users/Hayato/Documents/GitHub/OpenDolphin_WebClient/web-client/src/mocks/handlers/karteImage.ts
  125:51  warning  Unexpected any. Specify a different type  @typescript-eslint/no-explicit-any
  125:84  warning  Unexpected any. Specify a different type  @typescript-eslint/no-explicit-any
  134:41  warning  Unexpected any. Specify a different type  @typescript-eslint/no-explicit-any
  137:43  warning  Unexpected any. Specify a different type  @typescript-eslint/no-explicit-any
  138:33  warning  Unexpected any. Specify a different type  @typescript-eslint/no-explicit-any
  162:51  warning  Unexpected any. Specify a different type  @typescript-eslint/no-explicit-any
  162:84  warning  Unexpected any. Specify a different type  @typescript-eslint/no-explicit-any
  171:41  warning  Unexpected any. Specify a different type  @typescript-eslint/no-explicit-any
  174:43  warning  Unexpected any. Specify a different type  @typescript-eslint/no-explicit-any
  175:33  warning  Unexpected any. Specify a different type  @typescript-eslint/no-explicit-any

/Users/Hayato/Documents/GitHub/OpenDolphin_WebClient/web-client/src/mocks/handlers/orcaDisease.ts
  23:37  warning  Unexpected any. Specify a different type  @typescript-eslint/no-explicit-any

/Users/Hayato/Documents/GitHub/OpenDolphin_WebClient/web-client/src/mocks/handlers/orcaOrderBundles.test.ts
  71:40  warning  Unexpected any. Specify a different type  @typescript-eslint/no-explicit-any

/Users/Hayato/Documents/GitHub/OpenDolphin_WebClient/web-client/src/mocks/handlers/orcaOrderBundles.ts
  32:37  warning  Unexpected any. Specify a different type  @typescript-eslint/no-explicit-any
  36:46  warning  Unexpected any. Specify a different type  @typescript-eslint/no-explicit-any

/Users/Hayato/Documents/GitHub/OpenDolphin_WebClient/web-client/src/mocks/handlers/orcaQueue.test.ts
  59:40  warning  Unexpected any. Specify a different type  @typescript-eslint/no-explicit-any

/Users/Hayato/Documents/GitHub/OpenDolphin_WebClient/web-client/src/mocks/handlers/orcaQueue.ts
  135:14  warning  Unexpected any. Specify a different type  @typescript-eslint/no-explicit-any

/Users/Hayato/Documents/GitHub/OpenDolphin_WebClient/web-client/src/mocks/handlers/orcaReception.ts
  24:75  warning  Unexpected any. Specify a different type  @typescript-eslint/no-explicit-any

/Users/Hayato/Documents/GitHub/OpenDolphin_WebClient/web-client/src/mocks/handlers/outpatient.ts
   20:37   warning  Unexpected any. Specify a different type  @typescript-eslint/no-explicit-any
   56:50   warning  Unexpected any. Specify a different type  @typescript-eslint/no-explicit-any
   90:103  warning  Unexpected any. Specify a different type  @typescript-eslint/no-explicit-any
   90:138  warning  Unexpected any. Specify a different type  @typescript-eslint/no-explicit-any
   93:91   warning  Unexpected any. Specify a different type  @typescript-eslint/no-explicit-any
   93:114  warning  Unexpected any. Specify a different type  @typescript-eslint/no-explicit-any
   96:91   warning  Unexpected any. Specify a different type  @typescript-eslint/no-explicit-any
   96:114  warning  Unexpected any. Specify a different type  @typescript-eslint/no-explicit-any
  111:12   warning  Unexpected any. Specify a different type  @typescript-eslint/no-explicit-any
  125:101  warning  Unexpected any. Specify a different type  @typescript-eslint/no-explicit-any
  125:136  warning  Unexpected any. Specify a different type  @typescript-eslint/no-explicit-any
  128:89   warning  Unexpected any. Specify a different type  @typescript-eslint/no-explicit-any
  128:112  warning  Unexpected any. Specify a different type  @typescript-eslint/no-explicit-any
  131:89   warning  Unexpected any. Specify a different type  @typescript-eslint/no-explicit-any
  131:112  warning  Unexpected any. Specify a different type  @typescript-eslint/no-explicit-any
  145:12   warning  Unexpected any. Specify a different type  @typescript-eslint/no-explicit-any
  162:12   warning  Unexpected any. Specify a different type  @typescript-eslint/no-explicit-any
  188:71   warning  Unexpected any. Specify a different type  @typescript-eslint/no-explicit-any
  212:12   warning  Unexpected any. Specify a different type  @typescript-eslint/no-explicit-any
  277:61   warning  Unexpected any. Specify a different type  @typescript-eslint/no-explicit-any
  297:61   warning  Unexpected any. Specify a different type  @typescript-eslint/no-explicit-any
  324:61   warning  Unexpected any. Specify a different type  @typescript-eslint/no-explicit-any
  351:61   warning  Unexpected any. Specify a different type  @typescript-eslint/no-explicit-any
  424:12   warning  Unexpected any. Specify a different type  @typescript-eslint/no-explicit-any

/Users/Hayato/Documents/GitHub/OpenDolphin_WebClient/web-client/src/mocks/handlers/patientImages.ts
  23:83  warning  Unexpected any. Specify a different type  @typescript-eslint/no-explicit-any

/Users/Hayato/Documents/GitHub/OpenDolphin_WebClient/web-client/src/mocks/handlers/stampTree.ts
  17:37  warning  Unexpected any. Specify a different type  @typescript-eslint/no-explicit-any

/Users/Hayato/Documents/GitHub/OpenDolphin_WebClient/web-client/src/routes/NavigationGuardProvider.tsx
   65:14  warning  Fast refresh only works when a file only exports components. Use a new file to share constants or functions between components  react-refresh/only-export-components
  316:17  warning  Fast refresh only works when a file only exports components. Use a new file to share constants or functions between components  react-refresh/only-export-components

/Users/Hayato/Documents/GitHub/OpenDolphin_WebClient/web-client/vite.config.ts
  221:30  warning  Unexpected any. Specify a different type  @typescript-eslint/no-explicit-any
  223:47  warning  Unexpected any. Specify a different type  @typescript-eslint/no-explicit-any
  223:57  warning  Unexpected any. Specify a different type  @typescript-eslint/no-explicit-any
  233:47  warning  Unexpected any. Specify a different type  @typescript-eslint/no-explicit-any
  252:24  warning  Unexpected any. Specify a different type  @typescript-eslint/no-explicit-any
  253:39  warning  Unexpected any. Specify a different type  @typescript-eslint/no-explicit-any
  253:49  warning  Unexpected any. Specify a different type  @typescript-eslint/no-explicit-any
  263:43  warning  Unexpected any. Specify a different type  @typescript-eslint/no-explicit-any
  263:53  warning  Unexpected any. Specify a different type  @typescript-eslint/no-explicit-any
  273:43  warning  Unexpected any. Specify a different type  @typescript-eslint/no-explicit-any
  392:45  warning  Unexpected any. Specify a different type  @typescript-eslint/no-explicit-any
  393:42  warning  Unexpected any. Specify a different type  @typescript-eslint/no-explicit-any

✖ 495 problems (0 errors, 495 warnings)
  0 errors and 17 warnings potentially fixable with the `--fix` option.

--- command summary ---
end_utc=2026-04-21T10:37:37Z
exit_code=0
result=PASS
