RUN_ID=20260418T220502Z
command=cd web-client && RUN_ID=20260418T220502Z QA_BASE_URL=https://localhost:5173 QA_ARTIFACT_DIR=<dynamic-runtime-artifacts> node scripts/runtime-ready-smoke.mjs
cwd=/Users/Hayato/Documents/GitHub/OpenDolphin_WebClient/web-client
commit=79616d7e549bc0d432345d17f7e828c64c0e4c10
start=2026-04-18T22:17:40Z
environment=server=http://localhost:9080/openDolphin web=https://localhost:5173
--- output ---
node:internal/modules/run_main:123
    triggerUncaughtException(
    ^

locator.waitFor: Timeout 20000ms exceeded.
Call log:
[2m  - waiting for locator('.reception-table__row').filter({ hasText: '1.3.6.1.4.1.9414.72.103:<redacted-smoke-key>' }).first() to be visible[22m

    at /Users/Hayato/Documents/GitHub/OpenDolphin_WebClient/web-client/scripts/runtime-ready-smoke.mjs:250:33 {
  name: 'TimeoutError'
}

Node.js v22.16.0
--- end ---
end=2026-04-18T22:18:02Z
exit=1
