{
  "runId": "20260419T012523Z",
  "executedAt": "2026-04-19T02:24:39.875Z",
  "baseURL": "/",
  "facilityId": "1.3.6.1.4.1.9414.72.103",
  "sessionRole": "admin",
  "login": {
    "sessionMeStatus": 200
  },
  "candidateSource": "default",
  "candidateCount": 11,
  "baseDate": "2026-04-19",
  "requestedSelectorValues": {
    "departmentCode": "01",
    "physicianCode": "10001",
    "paymentMode": "insurance",
    "visitKind": "1"
  },
  "medicalInformationProbe": {
    "status": 200,
    "apiResult": "00",
    "itemsCount": 8,
    "verdict": "accepted",
    "accepted": true
  },
  "candidates": [
    {
      "patientId": "00001",
      "acceptedForPhase3Attempt": false,
      "officialPatientExistence": {
        "status": 200,
        "apiResult": "",
        "apiResultMessageCategory": "none",
        "category": "not_found",
        "patientIdMatched": false,
        "patientLikeCount": 0,
        "verdict": "rejected",
        "accepted": false
      },
      "insuranceReadiness": {
        "status": 403,
        "apiResult": "",
        "apiResultMessageCategory": "other",
        "combinationsCount": 0,
        "verdict": "rejected",
        "accepted": false
      },
      "selectorReadiness": {
        "verdict": "accepted",
        "accepted": true,
        "selectors": {
          "department": {
            "exists": true,
            "optionCount": 2,
            "hasDesiredValue": true,
            "verdict": "accepted"
          },
          "physician": {
            "exists": true,
            "optionCount": 2,
            "hasDesiredValue": true,
            "verdict": "accepted"
          },
          "visitKind": {
            "exists": true,
            "optionCount": 4,
            "hasDesiredValue": true,
            "verdict": "accepted"
          },
          "paymentMode": {
            "exists": true,
            "optionCount": 3,
            "hasDesiredValue": true,
            "verdict": "accepted"
          },
          "medicalInformation": {
            "exists": true,
            "optionCount": 9,
            "hasDesiredValue": true,
            "verdict": "accepted"
          }
        }
      },
      "localSelectable": {
        "selectable": true,
        "selectableCount": 1,
        "exactResultCount": 1,
        "verdict": "accepted"
      },
      "appointmentDependency": {
        "status": 403,
        "apiResult": "",
        "apiResultMessageCategory": "other",
        "reservationCount": 0,
        "dependency": "no_trial_appointment_dependency_detected",
        "verdict": "rejected",
        "accepted": false
      },
      "diagnosticNoPatientNotFound": {
        "verdict": "rejected",
        "accepted": false
      },
      "mutationProhibited": {
        "verdict": "accepted",
        "blockedRequestCount": 0
      }
    },
    {
      "patientId": "00002",
      "acceptedForPhase3Attempt": false,
      "officialPatientExistence": {
        "status": 200,
        "apiResult": "",
        "apiResultMessageCategory": "none",
        "category": "not_found",
        "patientIdMatched": false,
        "patientLikeCount": 0,
        "verdict": "rejected",
        "accepted": false
      },
      "insuranceReadiness": {
        "status": 403,
        "apiResult": "",
        "apiResultMessageCategory": "other",
        "combinationsCount": 0,
        "verdict": "rejected",
        "accepted": false
      },
      "selectorReadiness": {
        "verdict": "not_verified",
        "reason": "local_exact_match_missing",
        "selectors": {}
      },
      "localSelectable": {
        "selectable": false,
        "selectableCount": 1,
        "exactResultCount": 0,
        "verdict": "rejected",
        "reason": "local_exact_match_missing"
      },
      "appointmentDependency": {
        "status": 403,
        "apiResult": "",
        "apiResultMessageCategory": "other",
        "reservationCount": 0,
        "dependency": "no_trial_appointment_dependency_detected",
        "verdict": "rejected",
        "accepted": false
      },
      "diagnosticNoPatientNotFound": {
        "verdict": "rejected",
        "accepted": false
      },
      "mutationProhibited": {
        "verdict": "accepted",
        "blockedRequestCount": 0
      }
    },
    {
      "patientId": "00003",
      "acceptedForPhase3Attempt": false,
      "officialPatientExistence": {
        "status": 200,
        "apiResult": "",
        "apiResultMessageCategory": "none",
        "category": "not_found",
        "patientIdMatched": false,
        "patientLikeCount": 0,
        "verdict": "rejected",
        "accepted": false
      },
      "insuranceReadiness": {
        "status": 403,
        "apiResult": "",
        "apiResultMessageCategory": "other",
        "combinationsCount": 0,
        "verdict": "rejected",
        "accepted": false
      },
      "selectorReadiness": {
        "verdict": "not_verified",
        "reason": "local_exact_match_missing",
        "selectors": {}
      },
      "localSelectable": {
        "selectable": false,
        "selectableCount": 1,
        "exactResultCount": 0,
        "verdict": "rejected",
        "reason": "local_exact_match_missing"
      },
      "appointmentDependency": {
        "status": 403,
        "apiResult": "",
        "apiResultMessageCategory": "other",
        "reservationCount": 0,
        "dependency": "no_trial_appointment_dependency_detected",
        "verdict": "rejected",
        "accepted": false
      },
      "diagnosticNoPatientNotFound": {
        "verdict": "rejected",
        "accepted": false
      },
      "mutationProhibited": {
        "verdict": "accepted",
        "blockedRequestCount": 0
      }
    },
    {
      "patientId": "00004",
      "acceptedForPhase3Attempt": false,
      "officialPatientExistence": {
        "status": 200,
        "apiResult": "",
        "apiResultMessageCategory": "none",
        "category": "not_found",
        "patientIdMatched": false,
        "patientLikeCount": 0,
        "verdict": "rejected",
        "accepted": false
      },
      "insuranceReadiness": {
        "status": 403,
        "apiResult": "",
        "apiResultMessageCategory": "other",
        "combinationsCount": 0,
        "verdict": "rejected",
        "accepted": false
      },
      "selectorReadiness": {
        "verdict": "not_verified",
        "reason": "local_exact_match_missing",
        "selectors": {}
      },
      "localSelectable": {
        "selectable": false,
        "selectableCount": 1,
        "exactResultCount": 0,
        "verdict": "rejected",
        "reason": "local_exact_match_missing"
      },
      "appointmentDependency": {
        "status": 403,
        "apiResult": "",
        "apiResultMessageCategory": "other",
        "reservationCount": 0,
        "dependency": "no_trial_appointment_dependency_detected",
        "verdict": "rejected",
        "accepted": false
      },
      "diagnosticNoPatientNotFound": {
        "verdict": "rejected",
        "accepted": false
      },
      "mutationProhibited": {
        "verdict": "accepted",
        "blockedRequestCount": 0
      }
    },
    {
      "patientId": "00005",
      "acceptedForPhase3Attempt": false,
      "officialPatientExistence": {
        "status": 200,
        "apiResult": "",
        "apiResultMessageCategory": "none",
        "category": "not_found",
        "patientIdMatched": false,
        "patientLikeCount": 0,
        "verdict": "rejected",
        "accepted": false
      },
      "insuranceReadiness": {
        "status": 403,
        "apiResult": "",
        "apiResultMessageCategory": "other",
        "combinationsCount": 0,
        "verdict": "rejected",
        "accepted": false
      },
      "selectorReadiness": {
        "verdict": "not_verified",
        "reason": "local_exact_match_missing",
        "selectors": {}
      },
      "localSelectable": {
        "selectable": false,
        "selectableCount": 1,
        "exactResultCount": 0,
        "verdict": "rejected",
        "reason": "local_exact_match_missing"
      },
      "appointmentDependency": {
        "status": 403,
        "apiResult": "",
        "apiResultMessageCategory": "other",
        "reservationCount": 0,
        "dependency": "no_trial_appointment_dependency_detected",
        "verdict": "rejected",
        "accepted": false
      },
      "diagnosticNoPatientNotFound": {
        "verdict": "rejected",
        "accepted": false
      },
      "mutationProhibited": {
        "verdict": "accepted",
        "blockedRequestCount": 0
      }
    },
    {
      "patientId": "00006",
      "acceptedForPhase3Attempt": false,
      "officialPatientExistence": {
        "status": 200,
        "apiResult": "",
        "apiResultMessageCategory": "none",
        "category": "not_found",
        "patientIdMatched": false,
        "patientLikeCount": 0,
        "verdict": "rejected",
        "accepted": false
      },
      "insuranceReadiness": {
        "status": 403,
        "apiResult": "",
        "apiResultMessageCategory": "other",
        "combinationsCount": 0,
        "verdict": "rejected",
        "accepted": false
      },
      "selectorReadiness": {
        "verdict": "not_verified",
        "reason": "local_exact_match_missing",
        "selectors": {}
      },
      "localSelectable": {
        "selectable": false,
        "selectableCount": 1,
        "exactResultCount": 0,
        "verdict": "rejected",
        "reason": "local_exact_match_missing"
      },
      "appointmentDependency": {
        "status": 403,
        "apiResult": "",
        "apiResultMessageCategory": "other",
        "reservationCount": 0,
        "dependency": "no_trial_appointment_dependency_detected",
        "verdict": "rejected",
        "accepted": false
      },
      "diagnosticNoPatientNotFound": {
        "verdict": "rejected",
        "accepted": false
      },
      "mutationProhibited": {
        "verdict": "accepted",
        "blockedRequestCount": 0
      }
    },
    {
      "patientId": "00007",
      "acceptedForPhase3Attempt": false,
      "officialPatientExistence": {
        "status": 200,
        "apiResult": "",
        "apiResultMessageCategory": "none",
        "category": "not_found",
        "patientIdMatched": false,
        "patientLikeCount": 0,
        "verdict": "rejected",
        "accepted": false
      },
      "insuranceReadiness": {
        "status": 403,
        "apiResult": "",
        "apiResultMessageCategory": "other",
        "combinationsCount": 0,
        "verdict": "rejected",
        "accepted": false
      },
      "selectorReadiness": {
        "verdict": "not_verified",
        "reason": "local_exact_match_missing",
        "selectors": {}
      },
      "localSelectable": {
        "selectable": false,
        "selectableCount": 1,
        "exactResultCount": 0,
        "verdict": "rejected",
        "reason": "local_exact_match_missing"
      },
      "appointmentDependency": {
        "status": 403,
        "apiResult": "",
        "apiResultMessageCategory": "other",
        "reservationCount": 0,
        "dependency": "no_trial_appointment_dependency_detected",
        "verdict": "rejected",
        "accepted": false
      },
      "diagnosticNoPatientNotFound": {
        "verdict": "rejected",
        "accepted": false
      },
      "mutationProhibited": {
        "verdict": "accepted",
        "blockedRequestCount": 0
      }
    },
    {
      "patientId": "00008",
      "acceptedForPhase3Attempt": false,
      "officialPatientExistence": {
        "status": 200,
        "apiResult": "",
        "apiResultMessageCategory": "none",
        "category": "not_found",
        "patientIdMatched": false,
        "patientLikeCount": 0,
        "verdict": "rejected",
        "accepted": false
      },
      "insuranceReadiness": {
        "status": 403,
        "apiResult": "",
        "apiResultMessageCategory": "other",
        "combinationsCount": 0,
        "verdict": "rejected",
        "accepted": false
      },
      "selectorReadiness": {
        "verdict": "not_verified",
        "reason": "local_exact_match_missing",
        "selectors": {}
      },
      "localSelectable": {
        "selectable": false,
        "selectableCount": 0,
        "exactResultCount": 0,
        "verdict": "rejected",
        "reason": "local_exact_match_missing"
      },
      "appointmentDependency": {
        "status": 403,
        "apiResult": "",
        "apiResultMessageCategory": "other",
        "reservationCount": 0,
        "dependency": "no_trial_appointment_dependency_detected",
        "verdict": "rejected",
        "accepted": false
      },
      "diagnosticNoPatientNotFound": {
        "verdict": "rejected",
        "accepted": false
      },
      "mutationProhibited": {
        "verdict": "accepted",
        "blockedRequestCount": 0
      }
    },
    {
      "patientId": "00009",
      "acceptedForPhase3Attempt": false,
      "officialPatientExistence": {
        "status": 200,
        "apiResult": "",
        "apiResultMessageCategory": "none",
        "category": "not_found",
        "patientIdMatched": false,
        "patientLikeCount": 0,
        "verdict": "rejected",
        "accepted": false
      },
      "insuranceReadiness": {
        "status": 403,
        "apiResult": "",
        "apiResultMessageCategory": "other",
        "combinationsCount": 0,
        "verdict": "rejected",
        "accepted": false
      },
      "selectorReadiness": {
        "verdict": "not_verified",
        "reason": "local_exact_match_missing",
        "selectors": {}
      },
      "localSelectable": {
        "selectable": false,
        "selectableCount": 1,
        "exactResultCount": 0,
        "verdict": "rejected",
        "reason": "local_exact_match_missing"
      },
      "appointmentDependency": {
        "status": 403,
        "apiResult": "",
        "apiResultMessageCategory": "other",
        "reservationCount": 0,
        "dependency": "no_trial_appointment_dependency_detected",
        "verdict": "rejected",
        "accepted": false
      },
      "diagnosticNoPatientNotFound": {
        "verdict": "rejected",
        "accepted": false
      },
      "mutationProhibited": {
        "verdict": "accepted",
        "blockedRequestCount": 0
      }
    },
    {
      "patientId": "00010",
      "acceptedForPhase3Attempt": false,
      "officialPatientExistence": {
        "status": 200,
        "apiResult": "",
        "apiResultMessageCategory": "none",
        "category": "not_found",
        "patientIdMatched": false,
        "patientLikeCount": 0,
        "verdict": "rejected",
        "accepted": false
      },
      "insuranceReadiness": {
        "status": 403,
        "apiResult": "",
        "apiResultMessageCategory": "other",
        "combinationsCount": 0,
        "verdict": "rejected",
        "accepted": false
      },
      "selectorReadiness": {
        "verdict": "not_verified",
        "reason": "local_exact_match_missing",
        "selectors": {}
      },
      "localSelectable": {
        "selectable": false,
        "selectableCount": 1,
        "exactResultCount": 0,
        "verdict": "rejected",
        "reason": "local_exact_match_missing"
      },
      "appointmentDependency": {
        "status": 403,
        "apiResult": "",
        "apiResultMessageCategory": "other",
        "reservationCount": 0,
        "dependency": "no_trial_appointment_dependency_detected",
        "verdict": "rejected",
        "accepted": false
      },
      "diagnosticNoPatientNotFound": {
        "verdict": "rejected",
        "accepted": false
      },
      "mutationProhibited": {
        "verdict": "accepted",
        "blockedRequestCount": 0
      }
    },
    {
      "patientId": "00011",
      "acceptedForPhase3Attempt": false,
      "officialPatientExistence": {
        "status": 200,
        "apiResult": "",
        "apiResultMessageCategory": "none",
        "category": "not_found",
        "patientIdMatched": false,
        "patientLikeCount": 0,
        "verdict": "rejected",
        "accepted": false
      },
      "insuranceReadiness": {
        "status": 403,
        "apiResult": "",
        "apiResultMessageCategory": "other",
        "combinationsCount": 0,
        "verdict": "rejected",
        "accepted": false
      },
      "selectorReadiness": {
        "verdict": "not_verified",
        "reason": "local_exact_match_missing",
        "selectors": {}
      },
      "localSelectable": {
        "selectable": false,
        "selectableCount": 1,
        "exactResultCount": 0,
        "verdict": "rejected",
        "reason": "local_exact_match_missing"
      },
      "appointmentDependency": {
        "status": 403,
        "apiResult": "",
        "apiResultMessageCategory": "other",
        "reservationCount": 0,
        "dependency": "no_trial_appointment_dependency_detected",
        "verdict": "rejected",
        "accepted": false
      },
      "diagnosticNoPatientNotFound": {
        "verdict": "rejected",
        "accepted": false
      },
      "mutationProhibited": {
        "verdict": "accepted",
        "blockedRequestCount": 0
      }
    }
  ],
  "acceptedCandidateCount": 0,
  "acceptedForPhase3Attempt": null,
  "phase3AttemptPatientId": null,
  "releaseVerdict": "PARTIAL / TEST-DATA BLOCKER",
  "verdict": "partial",
  "blockerClassification": "test-data-blocker",
  "blockerReason": "no_trial_native_mutation_ready_candidate",
  "mutationPolicy": {
    "prohibited": true,
    "blockedRequestCount": 0,
    "blockedRequests": []
  },
  "preflightSummaryPath": "../weborca-readonly-preflight/summary.json",
  "consoleMessages": [],
  "pageErrors": []
}
candidate_discovery_exit_code=1
