RUN_ID=20260418T220502Z
command=curl -sS -i http://localhost:9080/openDolphin/api/orca/official/appointments/medical-information
cwd=/Users/Hayato/Documents/GitHub/OpenDolphin_WebClient
commit=79616d7e549bc0d432345d17f7e828c64c0e4c10
start=2026-04-18T22:18:33Z
environment=server=http://localhost:9080/openDolphin; facility config local-only WebORCA trial
--- output ---
HTTP/1.1 401 Unauthorized
X-Request-Id: 01d88576-52df-4864-b341-d58d8ff124e7
X-Frame-Options: DENY
Referrer-Policy: same-origin
Content-Security-Policy: default-src 'self'; base-uri 'self'; object-src 'none'; frame-ancestors 'none'; img-src 'self' data: blob:; font-src 'self' data:; style-src 'self' 'unsafe-inline'; script-src 'self'; connect-src 'self'; worker-src 'self' blob:; form-action 'self'; frame-src 'none'; manifest-src 'self'
X-Trace-Id: 01d88576-52df-4864-b341-d58d8ff124e7
Date: Sat, 18 Apr 2026 22:18:33 GMT
Connection: keep-alive
X-Run-Id: 20260418T220502Z
Strict-Transport-Security: max-age=63072000; includeSubDomains
X-Content-Type-Options: nosniff
Permissions-Policy: accelerometer=(), camera=(), geolocation=(), gyroscope=(), magnetometer=(), microphone=(), payment=(), usb=()
Content-Type: application/json;charset=UTF-8
Content-Length: 476

{"error":"unauthorized","code":"unauthorized","errorCode":"unauthorized","message":"Authentication required","status":401,"errorCategory":"unauthorized","traceId":"01d88576-52df-4864-b341-d58d8ff124e7","requestId":"01d88576-52df-4864-b341-d58d8ff124e7","runId":"20260418T220502Z","path":"/openDolphin/api/orca/official/appointments/medical-information","reason":"authentication_failed","details":{"reason":"authentication_failed"},"timestamp":"2026-04-18T22:18:33.749825215Z"}--- end ---
end=2026-04-18T22:18:33Z
exit=0
