command_log_version=retrofit-1
command=cd web-client && node scripts/qa-weborca-readonly-preflight.mjs
cwd=/Users/Hayato/Documents/GitHub/OpenDolphin_WebClient
runId=20260418T224551Z
start_utc=not_recorded
--- command output ---
{
  "runId": "20260418T224551Z",
  "executedAt": "2026-04-18T23:15:17.809Z",
  "baseURL": "/",
  "facilityId": "1.3.6.1.4.1.9414.72.103",
  "sessionRole": "admin",
  "login": {
    "sessionMeStatus": 200
  },
  "patientSearch": {
    "patientId": "0000001",
    "selectable": true,
    "selectableCount": 1,
    "verdict": "accepted"
  },
  "selectors": {
    "department": {
      "exists": true,
      "optionCount": 2,
      "hasDesiredValue": true,
      "verdict": "accepted"
    },
    "physician": {
      "exists": true,
      "optionCount": 2,
      "hasDesiredValue": true,
      "verdict": "accepted"
    },
    "visitKind": {
      "exists": true,
      "optionCount": 4,
      "hasDesiredValue": true,
      "verdict": "accepted"
    },
    "paymentMode": {
      "exists": true,
      "optionCount": 3,
      "hasDesiredValue": true,
      "verdict": "accepted"
    },
    "medicalInformation": {
      "exists": true,
      "optionCount": 9,
      "hasDesiredValue": true,
      "verdict": "accepted"
    }
  },
  "medicalInformationProbe": {
    "status": 200,
    "ok": true,
    "apiResult": "00",
    "apiResultMessage": "処理終了",
    "itemsCount": 8,
    "verdict": "accepted",
    "accepted": true
  },
  "visitListApiResult": "13",
  "visitListBusinessSuccess": false,
  "visitListVerdict": "rejected",
  "verdict": "accepted",
  "blockerClassification": "none",
  "c7Gate": {
    "status": "not verified",
    "reason": "read-only preflight does not execute visits mutation"
  },
  "consoleMessages": [],
  "pageErrors": []
}
--- command summary ---
end_utc=not_recorded
exit_code=not_recorded
result=RETROFIT_METADATA_ONLY
pass_evidence=not_by_exit_code
