command_log_version=retrofit-1
command=WEB_CLIENT_MODE=npm ./setup-modernized-env.sh
cwd=/Users/Hayato/Documents/GitHub/OpenDolphin_WebClient
runId=20260418T224551Z
start_utc=not_recorded
--- command output ---
[08:00:30] Reading ORCA connection info from docs/operations/ORCA_CERTIFICATION_ONLY.md...
[08:00:30] ORCA_CONFIG target_env=unset base_url=https://weborca-trial.orca.med.or.jp mode=weborca path_prefix=auto
[08:00:30] ORCA_CONFIG source host=file:ORCA_CERTIFICATION_ONLY port=file:ORCA_CERTIFICATION_ONLY scheme=file:ORCA_CERTIFICATION_ONLY base_url=computed mode=auto:weborca-host
[08:00:30] ORCA_CONFIG port policy=block_8000 allow_8000=0 fallback=443 replaced=false original_port=443 original_source=file:ORCA_CERTIFICATION_ONLY
[08:00:30] ORCA_CONFIG auth server_basic=set web_proxy_basic=set web_proxy_cert=unset
[08:00:30] ORCA_CONFIG acceptmod_suppress_acceptance_push=true
[08:00:30] ORCA_CONFIG note multi-facility: ORCA_* is startup default (_default); register per-facility ORCA settings after boot when using multiple facilities.
[08:00:30] SMOKE_USER account=doctor1 facility=1.3.6.1.4.1.9414.72.103 pass_source=default-dev-smoke-password
[08:00:30] Generating custom.properties.dev from ops/shared/docker/custom.properties...
[08:00:30] custom.properties written to custom.properties.dev
[08:00:30] Generating docker-compose.override.dev.yml...
[08:00:30] ORCADS route host=jma-receipt-docker-db-1 port=5432 db=orca user=orca sslmode=disable&currentSchema=master,public
[08:00:30] docker-compose override written to docker-compose.override.dev.yml
[08:00:30] Starting Modernized Server...
#1 [internal] load local bake definitions
#1 reading from stdin 495B done
#1 DONE 0.0s

#2 [internal] load build definition from Dockerfile
#2 transferring dockerfile: 5.20kB done
#2 DONE 0.0s

#3 [internal] load metadata for docker.io/library/maven:3.9.6-eclipse-temurin-17
#3 DONE 0.0s

#4 [internal] load metadata for quay.io/wildfly/wildfly:33.0.2.Final-jdk17
#4 DONE 0.3s

#5 [internal] load .dockerignore
#5 transferring context: 133B done
#5 DONE 0.0s

#6 [build  1/20] FROM docker.io/library/maven:3.9.6-eclipse-temurin-17@sha256:29a1658b1f3078e07c2b17f7b519b45eb47f65d9628e887eac45a8c5c8f939d4
#6 resolve docker.io/library/maven:3.9.6-eclipse-temurin-17@sha256:29a1658b1f3078e07c2b17f7b519b45eb47f65d9628e887eac45a8c5c8f939d4 0.0s done
#6 DONE 0.0s

#7 [stage-1  1/22] FROM quay.io/wildfly/wildfly:33.0.2.Final-jdk17@sha256:72d2a8a60c5422d0f929bfaf329c9fcf5df26d402ff8bb8b10297ff4f714c33a
#7 resolve quay.io/wildfly/wildfly:33.0.2.Final-jdk17@sha256:72d2a8a60c5422d0f929bfaf329c9fcf5df26d402ff8bb8b10297ff4f714c33a 0.0s done
#7 DONE 0.0s

#8 [internal] load build context
#8 transferring context: 156.12kB 0.0s done
#8 DONE 0.1s

#9 [stage-1 16/22] RUN chmod +x /opt/jboss/bootstrap.sh /opt/jboss/healthcheck-session.sh
#9 CACHED

#10 [build 13/20] RUN mvn -N -f pom.server-modernized.xml -s /tmp/maven-settings.xml -B install:install-file -Dfile=ext_lib/AppleJavaExtensions.jar -DgroupId=com.apple -DartifactId=AppleJavaExtensions -Dversion=1.6 -Dpackaging=jar
#10 CACHED

#11 [stage-1 19/22] RUN mkdir -p /opt/jboss/tmp/WEB-INF/lib &&     mv /opt/jboss/string-clob-type-compat.jar /opt/jboss/tmp/WEB-INF/lib/ &&     cd /opt/jboss/tmp &&     jar uf /opt/jboss/wildfly/standalone/deployments/opendolphin-server.war -C /opt/jboss/tmp WEB-INF &&     rm -rf /opt/jboss/tmp
#11 CACHED

#12 [stage-1 21/22] RUN /opt/jboss/wildfly/bin/jboss-cli.sh --file=/opt/jboss/configure-wildfly.cli &&     rm -f /opt/jboss/configure-wildfly.cli &&     rm -rf /opt/jboss/wildfly/standalone/configuration/standalone_xml_history
#12 CACHED

#13 [build 19/20] RUN jar cf /tmp/hbcompat/string-clob-type-compat.jar -C /tmp/hbcompat/classes .
#13 CACHED

#14 [build 20/20] RUN set -eux;     mvn -f pom.server-modernized.xml -s /tmp/maven-settings.xml -B -pl server-modernized -am -P dev -DskipTests package;     WAR_DIR=server-modernized/target;     WAR_FILE="${WAR_DIR}/opendolphin-server.war";     if [ ! -f "${WAR_FILE}" ]; then         FIRST_WAR=$(ls "${WAR_DIR}"/*.war | head -n 1);         mv "${FIRST_WAR}" "${WAR_FILE}";     fi
#14 CACHED

#15 [stage-1  6/22] COPY --from=build /root/.m2/repository/org/postgresql/postgresql/*/postgresql-*.jar /opt/jboss/postgresql-driver.jar
#15 CACHED

#16 [build  3/20] COPY pom.xml ./
#16 CACHED

#17 [build 11/20] COPY ops/shared/docker/settings.xml /tmp/maven-settings.xml
#17 CACHED

#18 [stage-1 11/22] COPY server-modernized/config/attachment-storage.sample.yaml /opt/jboss/config/attachment-storage.yaml
#18 CACHED

#19 [build 10/20] COPY ext_lib ./ext_lib
#19 CACHED

#20 [build 15/20] RUN mvn -N -f pom.server-modernized.xml -s /tmp/maven-settings.xml -B dependency:get -Dartifact=org.hibernate:hibernate-core:5.0.10.Final
#20 CACHED

#21 [stage-1  7/22] COPY --from=build /tmp/hbcompat/string-clob-type-compat.jar /opt/jboss/string-clob-type-compat.jar
#21 CACHED

#22 [stage-1 14/22] COPY ops/modernized-server/docker/healthcheck-session.sh /opt/jboss/healthcheck-session.sh
#22 CACHED

#23 [build  9/20] COPY server-modernized ./server-modernized
#23 CACHED

#24 [stage-1 12/22] COPY ops/shared/docker/custom.properties /opt/jboss/wildfly/custom.properties
#24 CACHED

#25 [stage-1 15/22] COPY ops/shared/docker/bootstrap.sh /opt/jboss/bootstrap.sh
#25 CACHED

#26 [stage-1  9/22] COPY ops/modernized-server/docker/modules/postgresql/module.xml /opt/jboss/wildfly/modules/system/layers/base/org/postgresql/main/module.xml
#26 CACHED

#27 [stage-1  4/22] RUN chmod 644 /usr/share/fonts/opendolphin/NotoSansCJKjp-Regular.otf
#27 CACHED

#28 [stage-1 13/22] COPY ops/modernized-server/docker/configure-wildfly.cli /opt/jboss/configure-wildfly.cli
#28 CACHED

#29 [build  6/20] COPY api-contract ./api-contract
#29 CACHED

#30 [build  7/20] COPY persistence ./persistence
#30 CACHED

#31 [build 17/20] COPY ops/modernized-server/docker/hbcompat/StringClobType.java /tmp/hbcompat/src/org/hibernate/type/StringClobType.java
#31 CACHED

#32 [build 18/20] RUN javac -cp /root/.m2/repository/org/hibernate/hibernate-core/5.0.10.Final/hibernate-core-5.0.10.Final.jar -d /tmp/hbcompat/classes /tmp/hbcompat/src/org/hibernate/type/StringClobType.java
#32 CACHED

#33 [stage-1 18/22] COPY ops/modernized-server/docker/modules/io/agroal/api/module.xml /opt/jboss/wildfly/modules/system/layers/base/io/agroal/api/main/module.xml
#33 CACHED

#34 [build 16/20] RUN mkdir -p /tmp/hbcompat/src/org/hibernate/type /tmp/hbcompat/classes
#34 CACHED

#35 [stage-1  8/22] RUN mkdir -p /opt/jboss/wildfly/modules/system/layers/base/org/postgresql/main &&     cp /opt/jboss/postgresql-driver.jar /opt/jboss/wildfly/modules/system/layers/base/org/postgresql/main/postgresql-driver.jar
#35 CACHED

#36 [build 12/20] RUN mvn -N -f pom.server-modernized.xml -s /tmp/maven-settings.xml -B install:install-file -Dfile=ext_lib/iTextAsian.jar -DgroupId=opendolphin -DartifactId=itext-font -Dversion=1.0 -Dpackaging=jar
#36 CACHED

#37 [stage-1 10/22] RUN mkdir -p /opt/jboss/config
#37 CACHED

#38 [build 14/20] RUN mvn -N -f pom.server-modernized.xml -s /tmp/maven-settings.xml -B dependency:get -Dartifact=org.postgresql:postgresql:42.7.3
#38 CACHED

#39 [stage-1  2/22] RUN mkdir -p /usr/share/fonts/opendolphin
#39 CACHED

#40 [build  4/20] COPY pom.server-modernized.xml ./pom.server-modernized.xml
#40 CACHED

#41 [stage-1 20/22] RUN HIBERNATE_MODULE=/opt/jboss/wildfly/modules/system/layers/base/org/hibernate/main/module.xml &&     if ! grep -q 'name="org.postgresql"' "${HIBERNATE_MODULE}"; then         sed -i '/<\/dependencies>/ i\\        <module name="org.postgresql"/>' "${HIBERNATE_MODULE}";     fi
#41 CACHED

#42 [stage-1 17/22] RUN mkdir -p /opt/jboss/wildfly/modules/system/layers/base/io/agroal/api/main
#42 CACHED

#43 [build  5/20] COPY domain ./domain
#43 CACHED

#44 [stage-1  5/22] COPY --from=build /workspace/server-modernized/target/opendolphin-server.war /opt/jboss/wildfly/standalone/deployments/opendolphin-server.war
#44 CACHED

#45 [build  8/20] COPY reporting ./reporting
#45 CACHED

#46 [build  2/20] WORKDIR /workspace
#46 CACHED

#47 [stage-1  3/22] COPY ops/assets/fonts/NotoSansCJKjp-Regular.otf /usr/share/fonts/opendolphin/NotoSansCJKjp-Regular.otf
#47 CACHED

#48 [stage-1 22/22] RUN chown -R jboss:0 /opt/jboss/wildfly /opt/jboss/bootstrap.sh /opt/jboss/healthcheck-session.sh /opt/jboss/postgresql-driver.jar
#48 CACHED

#49 exporting to image
#49 exporting layers done
#49 exporting manifest sha256:5bff1c9fdc461c2f5557763a23457cef1a8483c603b9be6f83014c55d50f74dd done
#49 exporting config sha256:9dd53dfc517b00a1f8b889bd7dbe3e9fa2689bbcc8021e359d82bf504d1cf4b4 done
#49 exporting attestation manifest sha256:f954275ecce37e33bb506fd06d92384d3baac4bbad8477a94743593e6c7290b1 done
#49 exporting manifest list sha256:95cd485a827c9de9bb9f5806810b0a2d592bdaf79bc5c745536fa36640916779 done
#49 naming to docker.io/library/opendolphin_webclient-server-modernized-dev:latest done
#49 unpacking to docker.io/library/opendolphin_webclient-server-modernized-dev:latest done
#49 DONE 0.1s

#50 resolving provenance for metadata file
#50 DONE 0.0s
 server-modernized-dev  Built
 Container opendolphin-minio  Recreate
 Container opendolphin-postgres-modernized  Recreate
 Container opendolphin-minio  Recreated
 Container opendolphin_webclient-minio-mc-1  Recreate
 Container opendolphin-postgres-modernized  Recreated
 Container opendolphin-server-modernized-dev  Recreate
 Container opendolphin_webclient-minio-mc-1  Recreated
 Container opendolphin-server-modernized-dev  Recreated
 Container opendolphin-minio  Starting
 Container opendolphin-postgres-modernized  Starting
 Container opendolphin-postgres-modernized  Started
 Container opendolphin-minio  Started
 Container opendolphin-postgres-modernized  Waiting
 Container opendolphin-minio  Waiting
 Container opendolphin-postgres-modernized  Healthy
 Container opendolphin-server-modernized-dev  Starting
 Container opendolphin-minio  Healthy
 Container opendolphin_webclient-minio-mc-1  Starting
 Container opendolphin-server-modernized-dev  Started
 Container opendolphin_webclient-minio-mc-1  Started
[08:00:44] Warning: ORCA DB container not found (jma-receipt-docker-db-1). ORCA master APIs may fail.
[08:00:45] DB schema already initialized.
[08:00:45] search_path is already set: opendolphin,public
[08:00:47] DB init repair skipped (baseline OK).
DB init repair skipped (baseline OK).
DB baseline check runId=20260418T224551Z
Required tables: d_users d_facility d_roles d_audit_event
Required sequences: opendolphin.hibernate_sequence opendolphin.d_patient_seq opendolphin.d_karte_seq opendolphin.d_audit_event_id_seq
DB baseline check OK.
[08:00:49] Running Flyway migrate... (log: /Users/Hayato/Documents/GitHub/OpenDolphin_WebClient/artifacts/preprod/flyway/flyway-20260418T224551Z.log)
A more recent version of Flyway is available. Find out more about Flyway 12.4.0 at https://rd.gt/3rXiSlV

Flyway OSS Edition 10.17.3 by Redgate

See release notes here: https://rd.gt/416ObMi
1 SQL migrations were detected but not run because they did not follow the filename convention.
Set 'validateMigrationNaming' to true to fail fast and see a list of the invalid file names.
Database: jdbc:postgresql://localhost:5432/opendolphin_modern (PostgreSQL 14.22)
Successfully validated 44 migrations (execution time 00:00.062s)
Current version of schema "opendolphin": 0310
WARNING: outOfOrder mode is active. Migration of schema "opendolphin" may not be reproducible.
Schema "opendolphin" is up to date. No migration necessary.
[08:00:51] Restarting Modernized Server to pick up initialized schema...
[08:00:53] Waiting for server to be healthy...
.
[08:01:00] Server is UP!
[08:01:00] Running API health check... (log: /Users/Hayato/Documents/GitHub/OpenDolphin_WebClient/artifacts/preprod/api-health/api-health-20260418T224551Z.log)
api_health_check runId=20260418T224551Z baseUrl=http://localhost:9080/openDolphin
401 /api/admin/config
401 /api/admin/delivery
401 /api/admin/security/header-credentials/cache
api_health_check OK
[08:01:00] Applying local baseline seed (ops/db/local-baseline/local_synthetic_seed.sql)...
BEGIN
SET
CREATE SEQUENCE
psql:/tmp/modern_seed.sql:12: NOTICE:  relation "hibernate_sequence" already exists, skipping
DO
INSERT 0 1
INSERT 0 0
INSERT 0 0
INSERT 0 1
INSERT 0 0
INSERT 0 0
INSERT 0 0
INSERT 0 0
 setval
--------
  91234
(1 row)

DO
COMMIT
[08:01:01] Baseline seed applied.
[08:01:01] Registering smoke user (doctor1) via SQL...
SET
DO
INSERT 0 0
INSERT 0 0
UPDATE 1
INSERT 0 0
INSERT 0 0
INSERT 0 0
[08:01:02] User registration SQL executed successfully.
[08:01:02] Seeding smoke patient identity...
SET
UPDATE 1
[08:01:03] Smoke patient identity seed executed successfully.
[08:01:03] Seeding smoke runtime projection...
SET
INSERT 0 1
INSERT 0 1
[08:01:03] Smoke runtime projection seed executed successfully.
[08:01:03] Starting Web Client dev server via npm run dev...
[08:01:03] Web Client dev server PID 32930, logs at /Users/Hayato/Documents/GitHub/OpenDolphin_WebClient/tmp/web-client-dev.log
[08:01:03] Tail the log via 'tail -f tmp/web-client-dev.log' to watch the dev server output.
[08:01:03] Waiting for Web Client dev server response at https://localhost:5173/...
[08:01:09] Web Client dev server responded at https://localhost:5173/ for 5 consecutive checks
[08:01:09] All set! Web Client dev server is listening at https://localhost:5173
[08:01:09] Logs: /Users/Hayato/Documents/GitHub/OpenDolphin_WebClient/tmp/web-client-dev.log
[08:01:09] Login with User: doctor1 / Pass source: default-dev-smoke-password
--- command summary ---
end_utc=not_recorded
exit_code=not_recorded
result=RETROFIT_METADATA_ONLY
pass_evidence=not_by_exit_code
