command_log_version=1
command=git merge --no-ff d67e3a378 -m merge CWP-02 SOAP server readback
cwd=/Users/Hayato/Documents/GitHub/OpenDolphin_WebClient-wo3-clinical-wave1-batch1-main
runId=20260421T142818Z
start_utc=2026-04-21T14:57:40Z
--- command output ---
Merge made by the 'ort' strategy.
 .../rest/dto/orca/SubjectiveEntryRequest.java      |  27 ++-
 .../rest/dto/orca/SubjectiveEntryResponse.java     | 102 +++++++++++-
 .../rest/orca/LocalChartSubjectiveResource.java    | 102 ++++++++++--
 .../orca/LocalChartSubjectiveResourceTest.java     |  39 +++--
 web-client/src/features/charts/SoapNotePanel.tsx   | 185 +++++++++++++++++----
 .../SoapNotePanel.serverReadback.test.tsx          |  93 +++++++----
 .../charts/__tests__/soapNoteDirtyState.test.tsx   | 117 ++++++++++++-
 .../src/features/charts/soap/subjectiveChartApi.ts |  37 +++++
 web-client/src/features/charts/styles.ts           |  10 +-
 9 files changed, 621 insertions(+), 91 deletions(-)
--- command summary ---
end_utc=2026-04-21T14:57:41Z
exit_code=0
result=PASS
