command_log_version=1
command=mvn -f pom.server-modernized.xml -pl server-modernized -am -Dsurefire.failIfNoSpecifiedTests=false -Dtest=CanonicalOrderDocumentFixtureTest,KarteDocumentOrderModulePersistenceTest,KarteRevisionServiceBeanOrderModuleCloneTest,KarteRevisionSnapshotContractTest,KarteRevisionDocumentResponseJsonTest,KarteDocumentSnapshotContractTest,DocumentIntegrityServiceTest test
cwd=/Users/Hayato/Documents/GitHub/OpenDolphin_WebClient-wo3-clinical-wave1-batch1-main
runId=20260421T142818Z
start_utc=2026-04-21T15:00:31Z
--- command output ---
WARNING: A terminally deprecated method in sun.misc.Unsafe has been called
WARNING: sun.misc.Unsafe::staticFieldBase has been called by com.google.inject.internal.aop.HiddenClassDefiner (file:/opt/homebrew/Cellar/maven/3.9.11/libexec/lib/guice-5.1.0-classes.jar)
WARNING: Please consider reporting this to the maintainers of class com.google.inject.internal.aop.HiddenClassDefiner
WARNING: sun.misc.Unsafe::staticFieldBase will be removed in a future release
[INFO] Scanning for projects...
[INFO] ------------------------------------------------------------------------
[INFO] Reactor Build Order:
[INFO] 
[INFO] opendolphin                                                        [pom]
[INFO] opendolphin-api-contract                                           [jar]
[INFO] opendolphin-persistence                                            [jar]
[INFO] opendolphin-reporting                                              [jar]
[INFO] opendolphin-server-modernized                                      [war]
[INFO] 
[INFO] ----------------------< opendolphin:opendolphin >-----------------------
[INFO] Building opendolphin 2.7.1                                         [1/5]
[INFO]   from pom.server-modernized.xml
[INFO] --------------------------------[ pom ]---------------------------------
[INFO] 
[INFO] ----------------< opendolphin:opendolphin-api-contract >----------------
[INFO] Building opendolphin-api-contract 2.7.1                            [2/5]
[INFO]   from api-contract/pom.xml
[INFO] --------------------------------[ jar ]---------------------------------
[INFO] 
[INFO] --- resources:3.3.1:resources (default-resources) @ opendolphin-api-contract ---
[INFO] skip non existing resourceDirectory /Users/Hayato/Documents/GitHub/OpenDolphin_WebClient-wo3-clinical-wave1-batch1-main/api-contract/src/main/resources
[INFO] 
[INFO] --- compiler:3.11.0:compile (default-compile) @ opendolphin-api-contract ---
[INFO] Nothing to compile - all classes are up to date
[INFO] 
[INFO] --- resources:3.3.1:testResources (default-testResources) @ opendolphin-api-contract ---
[INFO] skip non existing resourceDirectory /Users/Hayato/Documents/GitHub/OpenDolphin_WebClient-wo3-clinical-wave1-batch1-main/api-contract/src/test/resources
[INFO] 
[INFO] --- compiler:3.11.0:testCompile (default-testCompile) @ opendolphin-api-contract ---
[INFO] No sources to compile
[INFO] 
[INFO] --- surefire:3.2.5:test (default-test) @ opendolphin-api-contract ---
[INFO] No tests to run.
[INFO] 
[INFO] ----------------< opendolphin:opendolphin-persistence >-----------------
[INFO] Building opendolphin-persistence 2.7.1                             [3/5]
[INFO]   from persistence/pom.xml
[INFO] --------------------------------[ jar ]---------------------------------
[INFO] 
[INFO] --- resources:3.3.1:resources (default-resources) @ opendolphin-persistence ---
[INFO] skip non existing resourceDirectory /Users/Hayato/Documents/GitHub/OpenDolphin_WebClient-wo3-clinical-wave1-batch1-main/persistence/src/main/resources
[INFO] 
[INFO] --- compiler:3.11.0:compile (default-compile) @ opendolphin-persistence ---
[INFO] Nothing to compile - all classes are up to date
[INFO] 
[INFO] --- resources:3.3.1:testResources (default-testResources) @ opendolphin-persistence ---
[INFO] skip non existing resourceDirectory /Users/Hayato/Documents/GitHub/OpenDolphin_WebClient-wo3-clinical-wave1-batch1-main/persistence/src/test/resources
[INFO] 
[INFO] --- compiler:3.11.0:testCompile (default-testCompile) @ opendolphin-persistence ---
[INFO] Nothing to compile - all classes are up to date
[INFO] 
[INFO] --- surefire:3.2.5:test (default-test) @ opendolphin-persistence ---
[INFO] 
[INFO] -----------------< opendolphin:opendolphin-reporting >------------------
[INFO] Building opendolphin-reporting 2.7.1                               [4/5]
[INFO]   from reporting/pom.xml
[INFO] --------------------------------[ jar ]---------------------------------
[INFO] 
[INFO] --- resources:3.3.1:resources (default-resources) @ opendolphin-reporting ---
[INFO] skip non existing resourceDirectory /Users/Hayato/Documents/GitHub/OpenDolphin_WebClient-wo3-clinical-wave1-batch1-main/reporting/src/main/resources
[INFO] Copying 7 resources from ../server-modernized/reporting/templates to target/classes/reporting/templates
[INFO] Copying 1 resource from ../server-modernized/reporting/glossary to target/classes/reporting/glossary
[INFO] 
[INFO] --- compiler:3.11.0:compile (default-compile) @ opendolphin-reporting ---
[INFO] Nothing to compile - all classes are up to date
[INFO] 
[INFO] --- resources:3.3.1:testResources (default-testResources) @ opendolphin-reporting ---
[INFO] skip non existing resourceDirectory /Users/Hayato/Documents/GitHub/OpenDolphin_WebClient-wo3-clinical-wave1-batch1-main/reporting/src/test/resources
[INFO] 
[INFO] --- compiler:3.11.0:testCompile (default-testCompile) @ opendolphin-reporting ---
[INFO] Nothing to compile - all classes are up to date
[INFO] 
[INFO] --- surefire:3.2.5:test (default-test) @ opendolphin-reporting ---
[INFO] 
[INFO] -------------< opendolphin:opendolphin-server-modernized >--------------
[INFO] Building opendolphin-server-modernized 2.7.1                       [5/5]
[INFO]   from server-modernized/pom.xml
[INFO] --------------------------------[ war ]---------------------------------
[INFO] 
[INFO] --- resources:3.3.1:resources (default-resources) @ opendolphin-server-modernized ---
[INFO] Copying 2 resources from src/main/resources to target/classes
[INFO] Copying 7 resources from reporting/templates to target/classes/reporting/templates
[INFO] Copying 1 resource from reporting/glossary to target/classes/reporting/glossary
[INFO] 
[INFO] --- antrun:3.1.0:run (clean-generated-flyway-migrations) @ opendolphin-server-modernized ---
[INFO] Executing tasks
[INFO]    [delete] Deleting directory /Users/Hayato/Documents/GitHub/OpenDolphin_WebClient-wo3-clinical-wave1-batch1-main/server-modernized/target/classes/db/migration
[INFO]     [mkdir] Created dir: /Users/Hayato/Documents/GitHub/OpenDolphin_WebClient-wo3-clinical-wave1-batch1-main/server-modernized/target/classes/db/migration
[INFO] Executed tasks
[INFO] 
[INFO] --- resources:3.3.1:copy-resources (copy-canonical-flyway-migrations) @ opendolphin-server-modernized ---
[INFO] Copying 11 resources from tools/flyway/sql to target/classes/db/migration
[INFO] 
[INFO] --- compiler:3.11.0:compile (default-compile) @ opendolphin-server-modernized ---
[INFO] Nothing to compile - all classes are up to date
[INFO] 
[INFO] --- resources:3.3.1:testResources (default-testResources) @ opendolphin-server-modernized ---
[INFO] Copying 80 resources from src/test/resources to target/test-classes
[INFO] 
[INFO] --- compiler:3.11.0:testCompile (default-testCompile) @ opendolphin-server-modernized ---
[INFO] Nothing to compile - all classes are up to date
[INFO] 
[INFO] --- surefire:3.1.2:test (default-test) @ opendolphin-server-modernized ---
[INFO] Using auto detected provider org.apache.maven.surefire.junitplatform.JUnitPlatformProvider
[INFO] 
[INFO] -------------------------------------------------------
[INFO]  T E S T S
[INFO] -------------------------------------------------------
[INFO] Running open.dolphin.testsupport.CanonicalOrderDocumentFixtureTest
SLF4J(W): No SLF4J providers were found.
SLF4J(W): Defaulting to no-operation (NOP) logger implementation
SLF4J(W): See https://www.slf4j.org/codes.html#noProviders for further details.
[INFO] Tests run: 3, Failures: 0, Errors: 0, Skipped: 0, Time elapsed: 0.446 s -- in open.dolphin.testsupport.CanonicalOrderDocumentFixtureTest
[INFO] Running open.dolphin.security.integrity.DocumentIntegrityServiceTest
4月 22, 2026 12:00:35 午前 org.jboss.logmanager.JBossLoggerFinder getLogger
ERROR: The LogManager accessed before the "java.util.logging.manager" system property was set to "org.jboss.logmanager.LogManager". Results may be unexpected.
OpenJDK 64-Bit Server VM warning: Sharing is only supported for boot loader classes because bootstrap classpath has been appended
WARNING: A Java agent has been loaded dynamically (/Users/Hayato/.m2/repository/net/bytebuddy/byte-buddy-agent/1.14.12/byte-buddy-agent-1.14.12.jar)
WARNING: If a serviceability tool is in use, please run with -XX:+EnableDynamicAgentLoading to hide this warning
WARNING: If a serviceability tool is not in use, please run with -Djdk.instrument.traceUsage for more information
WARNING: Dynamic loading of agents will be disallowed by default in a future release
WARNING: A terminally deprecated method in sun.misc.Unsafe has been called
WARNING: sun.misc.Unsafe::objectFieldOffset has been called by net.bytebuddy.dynamic.loading.ClassInjector$UsingUnsafe$Dispatcher$CreationAction (file:/Users/Hayato/.m2/repository/net/bytebuddy/byte-buddy/1.14.18/byte-buddy-1.14.18.jar)
WARNING: Please consider reporting this to the maintainers of class net.bytebuddy.dynamic.loading.ClassInjector$UsingUnsafe$Dispatcher$CreationAction
WARNING: sun.misc.Unsafe::objectFieldOffset will be removed in a future release
[INFO] Tests run: 9, Failures: 0, Errors: 0, Skipped: 0, Time elapsed: 0.908 s -- in open.dolphin.security.integrity.DocumentIntegrityServiceTest
[INFO] Running open.dolphin.rest.KarteDocumentSnapshotContractTest
[INFO] Tests run: 1, Failures: 0, Errors: 0, Skipped: 0, Time elapsed: 0.235 s -- in open.dolphin.rest.KarteDocumentSnapshotContractTest
[INFO] Running open.dolphin.rest.KarteRevisionSnapshotContractTest
[INFO] Tests run: 2, Failures: 0, Errors: 0, Skipped: 0, Time elapsed: 0.080 s -- in open.dolphin.rest.KarteRevisionSnapshotContractTest
[INFO] Running open.dolphin.rest.KarteRevisionDocumentResponseJsonTest
[INFO] Tests run: 1, Failures: 0, Errors: 0, Skipped: 0, Time elapsed: 0.005 s -- in open.dolphin.rest.KarteRevisionDocumentResponseJsonTest
[INFO] Running open.dolphin.session.KarteRevisionServiceBeanOrderModuleCloneTest
[INFO] Tests run: 5, Failures: 0, Errors: 0, Skipped: 0, Time elapsed: 0.013 s -- in open.dolphin.session.KarteRevisionServiceBeanOrderModuleCloneTest
[INFO] Running open.dolphin.session.KarteDocumentOrderModulePersistenceTest
[INFO] Tests run: 3, Failures: 0, Errors: 0, Skipped: 0, Time elapsed: 0.100 s -- in open.dolphin.session.KarteDocumentOrderModulePersistenceTest
[INFO] 
[INFO] Results:
[INFO] 
[INFO] Tests run: 24, Failures: 0, Errors: 0, Skipped: 0
[INFO] 
[INFO] ------------------------------------------------------------------------
[INFO] Reactor Summary for opendolphin 2.7.1:
[INFO] 
[INFO] opendolphin ........................................ SUCCESS [  0.001 s]
[INFO] opendolphin-api-contract ........................... SUCCESS [  0.820 s]
[INFO] opendolphin-persistence ............................ SUCCESS [  0.202 s]
[INFO] opendolphin-reporting .............................. SUCCESS [  0.071 s]
[INFO] opendolphin-server-modernized ...................... SUCCESS [  3.476 s]
[INFO] ------------------------------------------------------------------------
[INFO] BUILD SUCCESS
[INFO] ------------------------------------------------------------------------
[INFO] Total time:  4.733 s
[INFO] Finished at: 2026-04-22T00:00:37+09:00
[INFO] ------------------------------------------------------------------------
--- command summary ---
end_utc=2026-04-21T15:00:37Z
exit_code=0
result=PASS
