command_log_version=1
command=mvn -f pom.server-modernized.xml -pl server-modernized -am -Dsurefire.failIfNoSpecifiedTests=false -Dtest=CanonicalOrderDocumentFixtureTest,KarteDocumentOrderModulePersistenceTest,KarteRevisionServiceBeanOrderModuleCloneTest,KarteRevisionSnapshotContractTest,KarteRevisionDocumentResponseJsonTest,KarteDocumentSnapshotContractTest,DocumentIntegrityServiceTest test
cwd=/Users/Hayato/Documents/GitHub/OpenDolphin_WebClient-wo3-clinical-wave1-batch1-main
runId=20260421T142818Z
start_utc=2026-04-21T14:37:44Z
--- command output ---
WARNING: A terminally deprecated method in sun.misc.Unsafe has been called
WARNING: sun.misc.Unsafe::staticFieldBase has been called by com.google.inject.internal.aop.HiddenClassDefiner (file:/opt/homebrew/Cellar/maven/3.9.11/libexec/lib/guice-5.1.0-classes.jar)
WARNING: Please consider reporting this to the maintainers of class com.google.inject.internal.aop.HiddenClassDefiner
WARNING: sun.misc.Unsafe::staticFieldBase will be removed in a future release
[INFO] Scanning for projects...
[INFO] ------------------------------------------------------------------------
[INFO] Reactor Build Order:
[INFO] 
[INFO] opendolphin                                                        [pom]
[INFO] opendolphin-api-contract                                           [jar]
[INFO] opendolphin-persistence                                            [jar]
[INFO] opendolphin-reporting                                              [jar]
[INFO] opendolphin-server-modernized                                      [war]
[INFO] 
[INFO] ----------------------< opendolphin:opendolphin >-----------------------
[INFO] Building opendolphin 2.7.1                                         [1/5]
[INFO]   from pom.server-modernized.xml
[INFO] --------------------------------[ pom ]---------------------------------
[INFO] 
[INFO] ----------------< opendolphin:opendolphin-api-contract >----------------
[INFO] Building opendolphin-api-contract 2.7.1                            [2/5]
[INFO]   from api-contract/pom.xml
[INFO] --------------------------------[ jar ]---------------------------------
[INFO] 
[INFO] --- resources:3.3.1:resources (default-resources) @ opendolphin-api-contract ---
[INFO] skip non existing resourceDirectory /Users/Hayato/Documents/GitHub/OpenDolphin_WebClient-wo3-clinical-wave1-batch1-main/api-contract/src/main/resources
[INFO] 
[INFO] --- compiler:3.11.0:compile (default-compile) @ opendolphin-api-contract ---
[INFO] Changes detected - recompiling the module! :source
[INFO] Compiling 125 source files with javac [debug release 17] to target/classes
[INFO] 
[INFO] --- resources:3.3.1:testResources (default-testResources) @ opendolphin-api-contract ---
[INFO] skip non existing resourceDirectory /Users/Hayato/Documents/GitHub/OpenDolphin_WebClient-wo3-clinical-wave1-batch1-main/api-contract/src/test/resources
[INFO] 
[INFO] --- compiler:3.11.0:testCompile (default-testCompile) @ opendolphin-api-contract ---
[INFO] No sources to compile
[INFO] 
[INFO] --- surefire:3.2.5:test (default-test) @ opendolphin-api-contract ---
[INFO] No tests to run.
[INFO] 
[INFO] ----------------< opendolphin:opendolphin-persistence >-----------------
[INFO] Building opendolphin-persistence 2.7.1                             [3/5]
[INFO]   from persistence/pom.xml
[INFO] --------------------------------[ jar ]---------------------------------
[INFO] 
[INFO] --- resources:3.3.1:resources (default-resources) @ opendolphin-persistence ---
[INFO] skip non existing resourceDirectory /Users/Hayato/Documents/GitHub/OpenDolphin_WebClient-wo3-clinical-wave1-batch1-main/persistence/src/main/resources
[INFO] 
[INFO] --- compiler:3.11.0:compile (default-compile) @ opendolphin-persistence ---
[INFO] Changes detected - recompiling the module! :source
[INFO] Compiling 151 source files with javac [debug deprecation release 17] to target/classes
[WARNING] /Users/Hayato/Documents/GitHub/OpenDolphin_WebClient-wo3-clinical-wave1-batch1-main/persistence/src/main/java/open/dolphin/infomodel/PhysicalModel.java:[117,28] java.lang.FloatのFloat(java.lang.String)は推奨されておらず、削除用にマークされています
[WARNING] /Users/Hayato/Documents/GitHub/OpenDolphin_WebClient-wo3-clinical-wave1-batch1-main/persistence/src/main/java/open/dolphin/infomodel/PhysicalModel.java:[118,28] java.lang.FloatのFloat(java.lang.String)は推奨されておらず、削除用にマークされています
[WARNING] /Users/Hayato/Documents/GitHub/OpenDolphin_WebClient-wo3-clinical-wave1-batch1-main/persistence/src/main/java/open/dolphin/infomodel/PatientVisitModel.java:[234,16] java.lang.IntegerのInteger(int)は推奨されておらず、削除用にマークされています
[INFO] /Users/Hayato/Documents/GitHub/OpenDolphin_WebClient-wo3-clinical-wave1-batch1-main/persistence/src/main/java/open/dolphin/infomodel/CarePlanModel.java: 入力ファイルの操作のうち、未チェックまたは安全ではないものがあります。
[INFO] /Users/Hayato/Documents/GitHub/OpenDolphin_WebClient-wo3-clinical-wave1-batch1-main/persistence/src/main/java/open/dolphin/infomodel/CarePlanModel.java: 詳細は、-Xlint:uncheckedオプションを指定して再コンパイルしてください。
[INFO] 
[INFO] --- resources:3.3.1:testResources (default-testResources) @ opendolphin-persistence ---
[INFO] skip non existing resourceDirectory /Users/Hayato/Documents/GitHub/OpenDolphin_WebClient-wo3-clinical-wave1-batch1-main/persistence/src/test/resources
[INFO] 
[INFO] --- compiler:3.11.0:testCompile (default-testCompile) @ opendolphin-persistence ---
[INFO] Changes detected - recompiling the module! :dependency
[INFO] Compiling 3 source files with javac [debug deprecation release 17] to target/test-classes
[INFO] 
[INFO] --- surefire:3.2.5:test (default-test) @ opendolphin-persistence ---
[INFO] 
[INFO] -----------------< opendolphin:opendolphin-reporting >------------------
[INFO] Building opendolphin-reporting 2.7.1                               [4/5]
[INFO]   from reporting/pom.xml
[INFO] --------------------------------[ jar ]---------------------------------
[INFO] 
[INFO] --- resources:3.3.1:resources (default-resources) @ opendolphin-reporting ---
[INFO] skip non existing resourceDirectory /Users/Hayato/Documents/GitHub/OpenDolphin_WebClient-wo3-clinical-wave1-batch1-main/reporting/src/main/resources
[INFO] Copying 7 resources from ../server-modernized/reporting/templates to target/classes/reporting/templates
[INFO] Copying 1 resource from ../server-modernized/reporting/glossary to target/classes/reporting/glossary
[INFO] 
[INFO] --- compiler:3.11.0:compile (default-compile) @ opendolphin-reporting ---
[INFO] Changes detected - recompiling the module! :source
[INFO] Compiling 18 source files with javac [debug release 8] to target/classes
[WARNING] ソース値8は廃止されていて、今後のリリースで削除される予定です
[WARNING] ターゲット値8は廃止されていて、今後のリリースで削除される予定です
[WARNING] 廃止されたオプションについての警告を表示しないようにするには、-Xlint:オプションを使用します。
[INFO] 
[INFO] --- resources:3.3.1:testResources (default-testResources) @ opendolphin-reporting ---
[INFO] skip non existing resourceDirectory /Users/Hayato/Documents/GitHub/OpenDolphin_WebClient-wo3-clinical-wave1-batch1-main/reporting/src/test/resources
[INFO] 
[INFO] --- compiler:3.11.0:testCompile (default-testCompile) @ opendolphin-reporting ---
[INFO] Changes detected - recompiling the module! :dependency
[INFO] Compiling 1 source file with javac [debug release 8] to target/test-classes
[WARNING] ソース値8は廃止されていて、今後のリリースで削除される予定です
[WARNING] ターゲット値8は廃止されていて、今後のリリースで削除される予定です
[WARNING] 廃止されたオプションについての警告を表示しないようにするには、-Xlint:オプションを使用します。
[INFO] 
[INFO] --- surefire:3.2.5:test (default-test) @ opendolphin-reporting ---
[INFO] 
[INFO] -------------< opendolphin:opendolphin-server-modernized >--------------
[INFO] Building opendolphin-server-modernized 2.7.1                       [5/5]
[INFO]   from server-modernized/pom.xml
[INFO] --------------------------------[ war ]---------------------------------
[INFO] 
[INFO] --- resources:3.3.1:resources (default-resources) @ opendolphin-server-modernized ---
[INFO] Copying 2 resources from src/main/resources to target/classes
[INFO] Copying 7 resources from reporting/templates to target/classes/reporting/templates
[INFO] Copying 1 resource from reporting/glossary to target/classes/reporting/glossary
[INFO] 
[INFO] --- antrun:3.1.0:run (clean-generated-flyway-migrations) @ opendolphin-server-modernized ---
[INFO] Executing tasks
[INFO]     [mkdir] Created dir: /Users/Hayato/Documents/GitHub/OpenDolphin_WebClient-wo3-clinical-wave1-batch1-main/server-modernized/target/classes/db/migration
[INFO] Executed tasks
[INFO] 
[INFO] --- resources:3.3.1:copy-resources (copy-canonical-flyway-migrations) @ opendolphin-server-modernized ---
[INFO] Copying 11 resources from tools/flyway/sql to target/classes/db/migration
[INFO] 
[INFO] --- compiler:3.11.0:compile (default-compile) @ opendolphin-server-modernized ---
[INFO] Changes detected - recompiling the module! :dependency
[INFO] Compiling 440 source files with javac [debug deprecation release 17] to target/classes
[WARNING] /Users/Hayato/Documents/GitHub/OpenDolphin_WebClient-wo3-clinical-wave1-batch1-main/server-modernized/src/main/java/open/dolphin/converter/PlistParser.java:[255,42] java.lang.ClassのnewInstance()は推奨されません
[WARNING] /Users/Hayato/Documents/GitHub/OpenDolphin_WebClient-wo3-clinical-wave1-batch1-main/server-modernized/src/main/java/open/dolphin/rest/AbstractResource.java:[168,46] com.fasterxml.jackson.databind.SerializationFeatureのWRITE_NULL_MAP_VALUESは推奨されません
[WARNING] /Users/Hayato/Documents/GitHub/OpenDolphin_WebClient-wo3-clinical-wave1-batch1-main/server-modernized/src/main/java/open/dolphin/rest/orca/LocalPatientMutationResource.java:[165,27] open.dolphin.session.PatientServiceBeanのupdate(open.dolphin.infomodel.PatientModel)は推奨されません
[INFO] /Users/Hayato/Documents/GitHub/OpenDolphin_WebClient-wo3-clinical-wave1-batch1-main/server-modernized/src/main/java/open/dolphin/converter/PlistParser.java: 入力ファイルの操作のうち、未チェックまたは安全ではないものがあります。
[INFO] /Users/Hayato/Documents/GitHub/OpenDolphin_WebClient-wo3-clinical-wave1-batch1-main/server-modernized/src/main/java/open/dolphin/converter/PlistParser.java: 詳細は、-Xlint:uncheckedオプションを指定して再コンパイルしてください。
[INFO] 
[INFO] --- resources:3.3.1:testResources (default-testResources) @ opendolphin-server-modernized ---
[INFO] Copying 80 resources from src/test/resources to target/test-classes
[INFO] 
[INFO] --- compiler:3.11.0:testCompile (default-testCompile) @ opendolphin-server-modernized ---
[INFO] Changes detected - recompiling the module! :dependency
[INFO] Compiling 220 source files with javac [debug deprecation release 17] to target/test-classes
[WARNING] /Users/Hayato/Documents/GitHub/OpenDolphin_WebClient-wo3-clinical-wave1-batch1-main/server-modernized/src/test/java/open/dolphin/rest/orca/LocalPatientMutationResourceIdempotencyTest.java:[200,20] open.dolphin.session.PatientServiceBeanのupdate(open.dolphin.infomodel.PatientModel)は推奨されません
[WARNING] /Users/Hayato/Documents/GitHub/OpenDolphin_WebClient-wo3-clinical-wave1-batch1-main/server-modernized/src/test/java/open/dolphin/rest/PatientModV2OutpatientResourceIdempotencyTest.java:[149,20] open.dolphin.session.PatientServiceBeanのupdate(open.dolphin.infomodel.PatientModel)は推奨されません
[WARNING] /Users/Hayato/Documents/GitHub/OpenDolphin_WebClient-wo3-clinical-wave1-batch1-main/server-modernized/src/test/java/open/dolphin/db/FreshSchemaBaselineTest.java:[273,48] org.hibernate.cfg.JdbcSettingsのDATASOURCEは推奨されません
[INFO] /Users/Hayato/Documents/GitHub/OpenDolphin_WebClient-wo3-clinical-wave1-batch1-main/server-modernized/src/test/java/open/dolphin/testsupport/CanonicalOrderDocumentFixtureTest.java: 入力ファイルの操作のうち、未チェックまたは安全ではないものがあります。
[INFO] /Users/Hayato/Documents/GitHub/OpenDolphin_WebClient-wo3-clinical-wave1-batch1-main/server-modernized/src/test/java/open/dolphin/testsupport/CanonicalOrderDocumentFixtureTest.java: 詳細は、-Xlint:uncheckedオプションを指定して再コンパイルしてください。
[INFO] 
[INFO] --- surefire:3.1.2:test (default-test) @ opendolphin-server-modernized ---
[INFO] Using auto detected provider org.apache.maven.surefire.junitplatform.JUnitPlatformProvider
[INFO] 
[INFO] -------------------------------------------------------
[INFO]  T E S T S
[INFO] -------------------------------------------------------
[INFO] Running open.dolphin.testsupport.CanonicalOrderDocumentFixtureTest
SLF4J(W): No SLF4J providers were found.
SLF4J(W): Defaulting to no-operation (NOP) logger implementation
SLF4J(W): See https://www.slf4j.org/codes.html#noProviders for further details.
[INFO] Tests run: 3, Failures: 0, Errors: 0, Skipped: 0, Time elapsed: 0.273 s -- in open.dolphin.testsupport.CanonicalOrderDocumentFixtureTest
[INFO] Running open.dolphin.security.integrity.DocumentIntegrityServiceTest
4月 21, 2026 11:37:53 午後 org.jboss.logmanager.JBossLoggerFinder getLogger
ERROR: The LogManager accessed before the "java.util.logging.manager" system property was set to "org.jboss.logmanager.LogManager". Results may be unexpected.
OpenJDK 64-Bit Server VM warning: Sharing is only supported for boot loader classes because bootstrap classpath has been appended
WARNING: A Java agent has been loaded dynamically (/Users/Hayato/.m2/repository/net/bytebuddy/byte-buddy-agent/1.14.12/byte-buddy-agent-1.14.12.jar)
WARNING: If a serviceability tool is in use, please run with -XX:+EnableDynamicAgentLoading to hide this warning
WARNING: If a serviceability tool is not in use, please run with -Djdk.instrument.traceUsage for more information
WARNING: Dynamic loading of agents will be disallowed by default in a future release
WARNING: A terminally deprecated method in sun.misc.Unsafe has been called
WARNING: sun.misc.Unsafe::objectFieldOffset has been called by net.bytebuddy.dynamic.loading.ClassInjector$UsingUnsafe$Dispatcher$CreationAction (file:/Users/Hayato/.m2/repository/net/bytebuddy/byte-buddy/1.14.18/byte-buddy-1.14.18.jar)
WARNING: Please consider reporting this to the maintainers of class net.bytebuddy.dynamic.loading.ClassInjector$UsingUnsafe$Dispatcher$CreationAction
WARNING: sun.misc.Unsafe::objectFieldOffset will be removed in a future release
[INFO] Tests run: 9, Failures: 0, Errors: 0, Skipped: 0, Time elapsed: 0.829 s -- in open.dolphin.security.integrity.DocumentIntegrityServiceTest
[INFO] Running open.dolphin.rest.KarteDocumentSnapshotContractTest
[INFO] Tests run: 1, Failures: 0, Errors: 0, Skipped: 0, Time elapsed: 0.229 s -- in open.dolphin.rest.KarteDocumentSnapshotContractTest
[INFO] Running open.dolphin.rest.KarteRevisionSnapshotContractTest
[INFO] Tests run: 2, Failures: 0, Errors: 0, Skipped: 0, Time elapsed: 0.071 s -- in open.dolphin.rest.KarteRevisionSnapshotContractTest
[INFO] Running open.dolphin.rest.KarteRevisionDocumentResponseJsonTest
[INFO] Tests run: 1, Failures: 0, Errors: 0, Skipped: 0, Time elapsed: 0.008 s -- in open.dolphin.rest.KarteRevisionDocumentResponseJsonTest
[INFO] Running open.dolphin.session.KarteRevisionServiceBeanOrderModuleCloneTest
[INFO] Tests run: 5, Failures: 0, Errors: 0, Skipped: 0, Time elapsed: 0.015 s -- in open.dolphin.session.KarteRevisionServiceBeanOrderModuleCloneTest
[INFO] Running open.dolphin.session.KarteDocumentOrderModulePersistenceTest
[INFO] Tests run: 3, Failures: 0, Errors: 0, Skipped: 0, Time elapsed: 0.092 s -- in open.dolphin.session.KarteDocumentOrderModulePersistenceTest
[INFO] 
[INFO] Results:
[INFO] 
[INFO] Tests run: 24, Failures: 0, Errors: 0, Skipped: 0
[INFO] 
[INFO] ------------------------------------------------------------------------
[INFO] Reactor Summary for opendolphin 2.7.1:
[INFO] 
[INFO] opendolphin ........................................ SUCCESS [  0.001 s]
[INFO] opendolphin-api-contract ........................... SUCCESS [  1.151 s]
[INFO] opendolphin-persistence ............................ SUCCESS [  0.917 s]
[INFO] opendolphin-reporting .............................. SUCCESS [  0.315 s]
[INFO] opendolphin-server-modernized ...................... SUCCESS [  6.607 s]
[INFO] ------------------------------------------------------------------------
[INFO] BUILD SUCCESS
[INFO] ------------------------------------------------------------------------
[INFO] Total time:  9.089 s
[INFO] Finished at: 2026-04-21T23:37:54+09:00
[INFO] ------------------------------------------------------------------------

--- command summary ---
end_utc=2026-04-21T14:37:54Z
exit_code=0
result=PASS
