command_log_version=1
command=npm --prefix web-client test -- --run src/features/charts/__tests__/DiagnosisEditPanel.readback.test.tsx src/features/charts/__tests__/dadsClinicalInputContract.test.tsx
cwd=/Users/Hayato/Documents/GitHub/OpenDolphin_WebClient-wo3-clinical-wave1-batch1-main
runId=20260421T142818Z
start_utc=2026-04-21T15:04:37Z
--- command output ---

> web-client@0.0.0 pretest
> npm run verify:web-guard


> web-client@0.0.0 verify:web-guard
> npm run verify:no-public-secrets && npm run verify:no-blocked-orca-route-strings && npm run verify:no-legacy-auth-drift


> web-client@0.0.0 verify:no-public-secrets
> node scripts/verify-no-public-secrets.mjs

[verify:no-public-secrets] web-client 配下の gitignore 対象外 .env* に問題は検出されませんでした。

> web-client@0.0.0 verify:no-blocked-orca-route-strings
> node scripts/verify-no-blocked-orca-route-strings.mjs

[verify:no-blocked-orca-route-strings] ORCA route taxonomy guard passed. scanned roots=9, files=1130. category counts: production fail-close sentinel=2, MSW mock/test-only legacy route surface=2, e2e/QA fixture surface=248, blocked-route detector=39, docs/reference=181, server route inventory negative assertion=2, web.xml exposure negative assertion=3. skipped roots: none

> web-client@0.0.0 verify:no-legacy-auth-drift
> node scripts/verify-no-legacy-auth-drift.mjs

[verify:no-legacy-auth-drift] legacy auth drift token の再混入は検出されませんでした。

> web-client@0.0.0 test
> vitest run --run src/features/charts/__tests__/DiagnosisEditPanel.readback.test.tsx src/features/charts/__tests__/dadsClinicalInputContract.test.tsx


 RUN  v4.0.18 /Users/Hayato/Documents/GitHub/OpenDolphin_WebClient-wo3-clinical-wave1-batch1-main/web-client

 ✓ src/features/charts/__tests__/DiagnosisEditPanel.readback.test.tsx (2 tests) 482ms
 ✓ src/features/charts/__tests__/dadsClinicalInputContract.test.tsx (4 tests) 170ms

 Test Files  2 passed (2)
      Tests  6 passed (6)
   Start at  00:04:39
   Duration  2.83s (transform 1.94s, setup 160ms, import 2.46s, tests 651ms, environment 816ms)

--- command summary ---
end_utc=2026-04-21T15:04:42Z
exit_code=0
result=PASS
